Archive member included to satisfy reference by file (symbol)

/usr/lib/gcc/arm-none-eabi/15.2.0/thumb/v6-m/nofp/libgcc.a(_udivsi3.o)
                              cmake/stm32cubemx/CMakeFiles/STM32_Drivers.dir/__/__/Core/Src/system_stm32f0xx.c.obj (__aeabi_uidiv)
/usr/lib/gcc/arm-none-eabi/15.2.0/thumb/v6-m/nofp/libgcc.a(_dvmd_tls.o)
                              /usr/lib/gcc/arm-none-eabi/15.2.0/thumb/v6-m/nofp/libgcc.a(_udivsi3.o) (__aeabi_idiv0)
/usr/lib/gcc/arm-none-eabi/15.2.0/../../../../arm-none-eabi/lib/thumb/v6-m/nofp/libg_nano.a(libc_a-atexit.o)
                              /usr/lib/gcc/arm-none-eabi/15.2.0/../../../../arm-none-eabi/lib/thumb/v6-m/nofp/crt0.o (atexit)
/usr/lib/gcc/arm-none-eabi/15.2.0/../../../../arm-none-eabi/lib/thumb/v6-m/nofp/libg_nano.a(libc_a-exit.o)
                              /usr/lib/gcc/arm-none-eabi/15.2.0/../../../../arm-none-eabi/lib/thumb/v6-m/nofp/crt0.o (exit)
/usr/lib/gcc/arm-none-eabi/15.2.0/../../../../arm-none-eabi/lib/thumb/v6-m/nofp/libg_nano.a(libc_a-findfp.o)
                              /usr/lib/gcc/arm-none-eabi/15.2.0/../../../../arm-none-eabi/lib/thumb/v6-m/nofp/libg_nano.a(libc_a-exit.o) (__stdio_exit_handler)
/usr/lib/gcc/arm-none-eabi/15.2.0/../../../../arm-none-eabi/lib/thumb/v6-m/nofp/libg_nano.a(libc_a-fwalk.o)
                              /usr/lib/gcc/arm-none-eabi/15.2.0/../../../../arm-none-eabi/lib/thumb/v6-m/nofp/libg_nano.a(libc_a-findfp.o) (_fwalk_sglue)
/usr/lib/gcc/arm-none-eabi/15.2.0/../../../../arm-none-eabi/lib/thumb/v6-m/nofp/libg_nano.a(libc_a-stdio.o)
                              /usr/lib/gcc/arm-none-eabi/15.2.0/../../../../arm-none-eabi/lib/thumb/v6-m/nofp/libg_nano.a(libc_a-findfp.o) (__sread)
/usr/lib/gcc/arm-none-eabi/15.2.0/../../../../arm-none-eabi/lib/thumb/v6-m/nofp/libg_nano.a(libc_a-memset.o)
                              /usr/lib/gcc/arm-none-eabi/15.2.0/../../../../arm-none-eabi/lib/thumb/v6-m/nofp/crt0.o (memset)
/usr/lib/gcc/arm-none-eabi/15.2.0/../../../../arm-none-eabi/lib/thumb/v6-m/nofp/libg_nano.a(libc_a-closer.o)
                              /usr/lib/gcc/arm-none-eabi/15.2.0/../../../../arm-none-eabi/lib/thumb/v6-m/nofp/libg_nano.a(libc_a-stdio.o) (_close_r)
/usr/lib/gcc/arm-none-eabi/15.2.0/../../../../arm-none-eabi/lib/thumb/v6-m/nofp/libg_nano.a(libc_a-reent.o)
                              /usr/lib/gcc/arm-none-eabi/15.2.0/../../../../arm-none-eabi/lib/thumb/v6-m/nofp/libg_nano.a(libc_a-closer.o) (errno)
/usr/lib/gcc/arm-none-eabi/15.2.0/../../../../arm-none-eabi/lib/thumb/v6-m/nofp/libg_nano.a(libc_a-impure.o)
                              /usr/lib/gcc/arm-none-eabi/15.2.0/../../../../arm-none-eabi/lib/thumb/v6-m/nofp/libg_nano.a(libc_a-reent.o) (_impure_ptr)
/usr/lib/gcc/arm-none-eabi/15.2.0/../../../../arm-none-eabi/lib/thumb/v6-m/nofp/libg_nano.a(libc_a-lseekr.o)
                              /usr/lib/gcc/arm-none-eabi/15.2.0/../../../../arm-none-eabi/lib/thumb/v6-m/nofp/libg_nano.a(libc_a-stdio.o) (_lseek_r)
/usr/lib/gcc/arm-none-eabi/15.2.0/../../../../arm-none-eabi/lib/thumb/v6-m/nofp/libg_nano.a(libc_a-readr.o)
                              /usr/lib/gcc/arm-none-eabi/15.2.0/../../../../arm-none-eabi/lib/thumb/v6-m/nofp/libg_nano.a(libc_a-stdio.o) (_read_r)
/usr/lib/gcc/arm-none-eabi/15.2.0/../../../../arm-none-eabi/lib/thumb/v6-m/nofp/libg_nano.a(libc_a-writer.o)
                              /usr/lib/gcc/arm-none-eabi/15.2.0/../../../../arm-none-eabi/lib/thumb/v6-m/nofp/libg_nano.a(libc_a-stdio.o) (_write_r)
/usr/lib/gcc/arm-none-eabi/15.2.0/../../../../arm-none-eabi/lib/thumb/v6-m/nofp/libg_nano.a(libc_a-errno.o)
                              CMakeFiles/Locator.dir/Core/Src/sysmem.c.obj (__errno)
/usr/lib/gcc/arm-none-eabi/15.2.0/../../../../arm-none-eabi/lib/thumb/v6-m/nofp/libg_nano.a(libc_a-init.o)
                              /usr/lib/gcc/arm-none-eabi/15.2.0/../../../../arm-none-eabi/lib/thumb/v6-m/nofp/crt0.o (__libc_init_array)
/usr/lib/gcc/arm-none-eabi/15.2.0/../../../../arm-none-eabi/lib/thumb/v6-m/nofp/libg_nano.a(libc_a-fini.o)
                              /usr/lib/gcc/arm-none-eabi/15.2.0/../../../../arm-none-eabi/lib/thumb/v6-m/nofp/crt0.o (__libc_fini_array)
/usr/lib/gcc/arm-none-eabi/15.2.0/../../../../arm-none-eabi/lib/thumb/v6-m/nofp/libg_nano.a(libc_a-lock.o)
                              /usr/lib/gcc/arm-none-eabi/15.2.0/../../../../arm-none-eabi/lib/thumb/v6-m/nofp/libg_nano.a(libc_a-findfp.o) (__retarget_lock_init_recursive)
/usr/lib/gcc/arm-none-eabi/15.2.0/../../../../arm-none-eabi/lib/thumb/v6-m/nofp/libg_nano.a(libc_a-__atexit.o)
                              /usr/lib/gcc/arm-none-eabi/15.2.0/../../../../arm-none-eabi/lib/thumb/v6-m/nofp/libg_nano.a(libc_a-atexit.o) (__register_exitproc)
/usr/lib/gcc/arm-none-eabi/15.2.0/../../../../arm-none-eabi/lib/thumb/v6-m/nofp/libg_nano.a(libc_a-__call_atexit.o)
                              /usr/lib/gcc/arm-none-eabi/15.2.0/../../../../arm-none-eabi/lib/thumb/v6-m/nofp/libg_nano.a(libc_a-__atexit.o) (__call_exitprocs)
[...]
Memory Configuration

Name             Origin             Length             Attributes
RAM              0x20000000         0x00004000         xrw
FLASH            0x08000000         0x00020000         xr
*default*        0x00000000         0xffffffff

Linker script and memory map

LOAD /usr/lib/gcc/arm-none-eabi/15.2.0/thumb/v6-m/nofp/crti.o
LOAD /usr/lib/gcc/arm-none-eabi/15.2.0/thumb/v6-m/nofp/crtbegin.o
LOAD /usr/lib/gcc/arm-none-eabi/15.2.0/../../../../arm-none-eabi/lib/thumb/v6-m/nofp/crt0.o
LOAD CMakeFiles/Locator.dir/Core/Src/main.c.obj
LOAD CMakeFiles/Locator.dir/Core/Src/gpio.c.obj
LOAD CMakeFiles/Locator.dir/Core/Src/i2c.c.obj
LOAD CMakeFiles/Locator.dir/Core/Src/spi.c.obj
LOAD CMakeFiles/Locator.dir/Core/Src/tsc.c.obj
LOAD CMakeFiles/Locator.dir/Core/Src/usart.c.obj
LOAD CMakeFiles/Locator.dir/Core/Src/usb.c.obj
LOAD CMakeFiles/Locator.dir/Core/Src/stm32f0xx_it.c.obj
LOAD CMakeFiles/Locator.dir/Core/Src/stm32f0xx_hal_msp.c.obj
LOAD CMakeFiles/Locator.dir/Core/Src/sysmem.c.obj
LOAD CMakeFiles/Locator.dir/Core/Src/syscalls.c.obj
LOAD CMakeFiles/Locator.dir/startup_stm32f072xb.s.obj
LOAD cmake/stm32cubemx/CMakeFiles/STM32_Drivers.dir/__/__/Core/Src/system_stm32f0xx.c.obj
LOAD cmake/stm32cubemx/CMakeFiles/STM32_Drivers.dir/home/hellscoffe/STM32Cube/Repository/STM32Cube_FW_F0_V1.11.5/Drivers/STM32F0xx_HAL_Driver/Src/stm32f0xx_ll_usb.c.obj
LOAD cmake/stm32cubemx/CMakeFiles/STM32_Drivers.dir/home/hellscoffe/STM32Cube/Repository/STM32Cube_FW_F0_V1.11.5/Drivers/STM32F0xx_HAL_Driver/Src/stm32f0xx_hal_i2c.c.obj
LOAD cmake/stm32cubemx/CMakeFiles/STM32_Drivers.dir/home/hellscoffe/STM32Cube/Repository/STM32Cube_FW_F0_V1.11.5/Drivers/STM32F0xx_HAL_Driver/Src/stm32f0xx_hal_i2c_ex.c.obj
LOAD cmake/stm32cubemx/CMakeFiles/STM32_Drivers.dir/home/hellscoffe/STM32Cube/Repository/STM32Cube_FW_F0_V1.11.5/Drivers/STM32F0xx_HAL_Driver/Src/stm32f0xx_hal_rcc.c.obj
LOAD cmake/stm32cubemx/CMakeFiles/STM32_Drivers.dir/home/hellscoffe/STM32Cube/Repository/STM32Cube_FW_F0_V1.11.5/Drivers/STM32F0xx_HAL_Driver/Src/stm32f0xx_hal_rcc_ex.c.obj
LOAD cmake/stm32cubemx/CMakeFiles/STM32_Drivers.dir/home/hellscoffe/STM32Cube/Repository/STM32Cube_FW_F0_V1.11.5/Drivers/STM32F0xx_HAL_Driver/Src/stm32f0xx_hal.c.obj
LOAD cmake/stm32cubemx/CMakeFiles/STM32_Drivers.dir/home/hellscoffe/STM32Cube/Repository/STM32Cube_FW_F0_V1.11.5/Drivers/STM32F0xx_HAL_Driver/Src/stm32f0xx_hal_gpio.c.obj
LOAD cmake/stm32cubemx/CMakeFiles/STM32_Drivers.dir/home/hellscoffe/STM32Cube/Repository/STM32Cube_FW_F0_V1.11.5/Drivers/STM32F0xx_HAL_Driver/Src/stm32f0xx_hal_dma.c.obj
LOAD cmake/stm32cubemx/CMakeFiles/STM32_Drivers.dir/home/hellscoffe/STM32Cube/Repository/STM32Cube_FW_F0_V1.11.5/Drivers/STM32F0xx_HAL_Driver/Src/stm32f0xx_hal_cortex.c.obj
LOAD cmake/stm32cubemx/CMakeFiles/STM32_Drivers.dir/home/hellscoffe/STM32Cube/Repository/STM32Cube_FW_F0_V1.11.5/Drivers/STM32F0xx_HAL_Driver/Src/stm32f0xx_hal_pwr.c.obj
LOAD cmake/stm32cubemx/CMakeFiles/STM32_Drivers.dir/home/hellscoffe/STM32Cube/Repository/STM32Cube_FW_F0_V1.11.5/Drivers/STM32F0xx_HAL_Driver/Src/stm32f0xx_hal_pwr_ex.c.obj
LOAD cmake/stm32cubemx/CMakeFiles/STM32_Drivers.dir/home/hellscoffe/STM32Cube/Repository/STM32Cube_FW_F0_V1.11.5/Drivers/STM32F0xx_HAL_Driver/Src/stm32f0xx_hal_flash.c.obj
LOAD cmake/stm32cubemx/CMakeFiles/STM32_Drivers.dir/home/hellscoffe/STM32Cube/Repository/STM32Cube_FW_F0_V1.11.5/Drivers/STM32F0xx_HAL_Driver/Src/stm32f0xx_hal_flash_ex.c.obj
LOAD cmake/stm32cubemx/CMakeFiles/STM32_Drivers.dir/home/hellscoffe/STM32Cube/Repository/STM32Cube_FW_F0_V1.11.5/Drivers/STM32F0xx_HAL_Driver/Src/stm32f0xx_hal_exti.c.obj
LOAD cmake/stm32cubemx/CMakeFiles/STM32_Drivers.dir/home/hellscoffe/STM32Cube/Repository/STM32Cube_FW_F0_V1.11.5/Drivers/STM32F0xx_HAL_Driver/Src/stm32f0xx_hal_spi.c.obj
LOAD cmake/stm32cubemx/CMakeFiles/STM32_Drivers.dir/home/hellscoffe/STM32Cube/Repository/STM32Cube_FW_F0_V1.11.5/Drivers/STM32F0xx_HAL_Driver/Src/stm32f0xx_hal_spi_ex.c.obj
LOAD cmake/stm32cubemx/CMakeFiles/STM32_Drivers.dir/home/hellscoffe/STM32Cube/Repository/STM32Cube_FW_F0_V1.11.5/Drivers/STM32F0xx_HAL_Driver/Src/stm32f0xx_hal_tsc.c.obj
LOAD cmake/stm32cubemx/CMakeFiles/STM32_Drivers.dir/home/hellscoffe/STM32Cube/Repository/STM32Cube_FW_F0_V1.11.5/Drivers/STM32F0xx_HAL_Driver/Src/stm32f0xx_hal_usart.c.obj
LOAD cmake/stm32cubemx/CMakeFiles/STM32_Drivers.dir/home/hellscoffe/STM32Cube/Repository/STM32Cube_FW_F0_V1.11.5/Drivers/STM32F0xx_HAL_Driver/Src/stm32f0xx_hal_pcd.c.obj
LOAD cmake/stm32cubemx/CMakeFiles/STM32_Drivers.dir/home/hellscoffe/STM32Cube/Repository/STM32Cube_FW_F0_V1.11.5/Drivers/STM32F0xx_HAL_Driver/Src/stm32f0xx_hal_pcd_ex.c.obj
LOAD /usr/lib/gcc/arm-none-eabi/15.2.0/../../../../arm-none-eabi/lib/thumb/v6-m/nofp/libm.a
START GROUP
LOAD /usr/lib/gcc/arm-none-eabi/15.2.0/thumb/v6-m/nofp/libgcc.a
LOAD /usr/lib/gcc/arm-none-eabi/15.2.0/../../../../arm-none-eabi/lib/thumb/v6-m/nofp/libg_nano.a
LOAD /usr/lib/gcc/arm-none-eabi/15.2.0/../../../../arm-none-eabi/lib/thumb/v6-m/nofp/libc_nano.a
END GROUP
START GROUP
LOAD /usr/lib/gcc/arm-none-eabi/15.2.0/thumb/v6-m/nofp/libgcc.a
LOAD /usr/lib/gcc/arm-none-eabi/15.2.0/../../../../arm-none-eabi/lib/thumb/v6-m/nofp/libc_nano.a
END GROUP
LOAD /usr/lib/gcc/arm-none-eabi/15.2.0/thumb/v6-m/nofp/crtend.o
LOAD /usr/lib/gcc/arm-none-eabi/15.2.0/thumb/v6-m/nofp/crtn.o
                0x20004000                        _estack = (ORIGIN (RAM) + LENGTH (RAM))
                0x00000200                        _Min_Heap_Size = 0x200
                0x00000400                        _Min_Stack_Size = 0x400

.isr_vector     0x08000000       0xc0
                0x08000000                        . = ALIGN (0x4)
 *(.isr_vector)
 .isr_vector    0x08000000       0xc0 CMakeFiles/Locator.dir/startup_stm32f072xb.s.obj
                0x08000000                g_pfnVectors
                0x080000c0                        . = ALIGN (0x4)

.text           0x080000c0     0x2934
                0x080000c0                        . = ALIGN (0x4)
 *(.text)
 .text          0x080000c0       0x98 /usr/lib/gcc/arm-none-eabi/15.2.0/thumb/v6-m/nofp/crtbegin.o
 .text          0x08000158      0x114 /usr/lib/gcc/arm-none-eabi/15.2.0/thumb/v6-m/nofp/libgcc.a(_udivsi3.o)
                0x08000158                __udivsi3
                0x08000158                __aeabi_uidiv
                0x08000264                __aeabi_uidivmod
 .text          0x0800026c        0x4 /usr/lib/gcc/arm-none-eabi/15.2.0/thumb/v6-m/nofp/libgcc.a(_dvmd_tls.o)
                0x0800026c                __aeabi_ldiv0
                0x0800026c                __aeabi_idiv0
 *(.text*)
 .text.main     0x08000270       0x28 CMakeFiles/Locator.dir/Core/Src/main.c.obj
                0x08000270                main
 .text.SystemClock_Config
                0x08000298       0xd4 CMakeFiles/Locator.dir/Core/Src/main.c.obj
                0x08000298                SystemClock_Config
 .text.Error_Handler
                0x0800036c        0xc CMakeFiles/Locator.dir/Core/Src/main.c.obj
                0x0800036c                Error_Handler
 .text.MX_GPIO_Init
                0x08000378      0x210 CMakeFiles/Locator.dir/Core/Src/gpio.c.obj
                0x08000378                MX_GPIO_Init
 .text.MX_I2C2_Init
                0x08000588       0x80 CMakeFiles/Locator.dir/Core/Src/i2c.c.obj
                0x08000588                MX_I2C2_Init
 .text.HAL_I2C_MspInit
                0x08000608       0x9c CMakeFiles/Locator.dir/Core/Src/i2c.c.obj
                0x08000608                HAL_I2C_MspInit
 .text.MX_SPI1_Init
                0x080006a4       0x7c CMakeFiles/Locator.dir/Core/Src/spi.c.obj
                0x080006a4                MX_SPI1_Init
 .text.HAL_SPI_MspInit
                0x08000720       0xe4 CMakeFiles/Locator.dir/Core/Src/spi.c.obj
                0x08000720                HAL_SPI_MspInit
 .text.MX_TSC_Init
                0x08000804       0x88 CMakeFiles/Locator.dir/Core/Src/tsc.c.obj
                0x08000804                MX_TSC_Init
 .text.HAL_TSC_MspInit
                0x0800088c      0x13c CMakeFiles/Locator.dir/Core/Src/tsc.c.obj
                0x0800088c                HAL_TSC_MspInit
 .text.MX_USART1_Init
                0x080009c8       0x5c CMakeFiles/Locator.dir/Core/Src/usart.c.obj
                0x080009c8                MX_USART1_Init
 .text.HAL_USART_MspInit
                0x08000a24       0x9c CMakeFiles/Locator.dir/Core/Src/usart.c.obj
                0x08000a24                HAL_USART_MspInit
 .text.MX_USB_PCD_Init
                0x08000ac0       0x4c CMakeFiles/Locator.dir/Core/Src/usb.c.obj
                0x08000ac0                MX_USB_PCD_Init
 .text.HAL_PCD_MspInit
                0x08000b0c       0x40 CMakeFiles/Locator.dir/Core/Src/usb.c.obj
                0x08000b0c                HAL_PCD_MspInit
 .text.NMI_Handler
                0x08000b4c        0x8 CMakeFiles/Locator.dir/Core/Src/stm32f0xx_it.c.obj
                0x08000b4c                NMI_Handler
 .text.HardFault_Handler
                0x08000b54        0x8 CMakeFiles/Locator.dir/Core/Src/stm32f0xx_it.c.obj
                0x08000b54                HardFault_Handler
 .text.SVC_Handler
                0x08000b5c        0xa CMakeFiles/Locator.dir/Core/Src/stm32f0xx_it.c.obj
                0x08000b5c                SVC_Handler
 .text.PendSV_Handler
                0x08000b66        0xa CMakeFiles/Locator.dir/Core/Src/stm32f0xx_it.c.obj
                0x08000b66                PendSV_Handler
 .text.SysTick_Handler
                0x08000b70        0xe CMakeFiles/Locator.dir/Core/Src/stm32f0xx_it.c.obj
                0x08000b70                SysTick_Handler
 *fill*         0x08000b7e        0x2 
 .text.HAL_MspInit
                0x08000b80       0x48 CMakeFiles/Locator.dir/Core/Src/stm32f0xx_hal_msp.c.obj
                0x08000b80                HAL_MspInit
 .text.Reset_Handler
                0x08000bc8       0x50 CMakeFiles/Locator.dir/startup_stm32f072xb.s.obj
                0x08000bc8                Reset_Handler
 .text.Default_Handler
                0x08000c18        0x2 CMakeFiles/Locator.dir/startup_stm32f072xb.s.obj
                0x08000c18                TIM1_CC_IRQHandler
                0x08000c18                TSC_IRQHandler
                0x08000c18                ADC1_COMP_IRQHandler
                0x08000c18                I2C1_IRQHandler
                0x08000c18                RCC_CRS_IRQHandler
                0x08000c18                SPI1_IRQHandler
                0x08000c18                TIM6_DAC_IRQHandler
                0x08000c18                USART3_4_IRQHandler
                0x08000c18                EXTI2_3_IRQHandler
                0x08000c18                I2C2_IRQHandler
                0x08000c18                TIM17_IRQHandler
                0x08000c18                CEC_CAN_IRQHandler
                0x08000c18                RTC_IRQHandler
                0x08000c18                PVD_VDDIO2_IRQHandler
                0x08000c18                DMA1_Channel4_5_6_7_IRQHandler
                0x08000c18                TIM16_IRQHandler
                0x08000c18                TIM3_IRQHandler
                0x08000c18                EXTI4_15_IRQHandler
                0x08000c18                DMA1_Channel1_IRQHandler
                0x08000c18                Default_Handler
                0x08000c18                TIM14_IRQHandler
                0x08000c18                TIM7_IRQHandler
                0x08000c18                TIM15_IRQHandler
                0x08000c18                EXTI0_1_IRQHandler
                0x08000c18                USB_IRQHandler
                0x08000c18                SPI2_IRQHandler
                0x08000c18                WWDG_IRQHandler
                0x08000c18                TIM2_IRQHandler
                0x08000c18                DMA1_Channel2_3_IRQHandler
                0x08000c18                USART2_IRQHandler
                0x08000c18                FLASH_IRQHandler
                0x08000c18                USART1_IRQHandler
                0x08000c18                TIM1_BRK_UP_TRG_COM_IRQHandler
 .text.SystemInit
                0x08000c1a        0xa cmake/stm32cubemx/CMakeFiles/STM32_Drivers.dir/__/__/Core/Src/system_stm32f0xx.c.obj
                0x08000c1a                SystemInit
 .text.USB_DisableGlobalInt
                0x08000c24       0x34 cmake/stm32cubemx/CMakeFiles/STM32_Drivers.dir/home/hellscoffe/STM32Cube/Repository/STM32Cube_FW_F0_V1.11.5/Drivers/STM32F0xx_HAL_Driver/Src/stm32f0xx_ll_usb.c.obj
                0x08000c24                USB_DisableGlobalInt
 .text.USB_DevInit
                0x08000c58       0x38 cmake/stm32cubemx/CMakeFiles/STM32_Drivers.dir/home/hellscoffe/STM32Cube/Repository/STM32Cube_FW_F0_V1.11.5/Drivers/STM32F0xx_HAL_Driver/Src/stm32f0xx_ll_usb.c.obj
                0x08000c58                USB_DevInit
 .text.HAL_I2C_Init
                0x08000c90      0x14c cmake/stm32cubemx/CMakeFiles/STM32_Drivers.dir/home/hellscoffe/STM32Cube/Repository/STM32Cube_FW_F0_V1.11.5/Drivers/STM32F0xx_HAL_Driver/Src/stm32f0xx_hal_i2c.c.obj
                0x08000c90                HAL_I2C_Init
 .text.HAL_I2CEx_ConfigAnalogFilter
                0x08000ddc       0x98 cmake/stm32cubemx/CMakeFiles/STM32_Drivers.dir/home/hellscoffe/STM32Cube/Repository/STM32Cube_FW_F0_V1.11.5/Drivers/STM32F0xx_HAL_Driver/Src/stm32f0xx_hal_i2c_ex.c.obj
                0x08000ddc                HAL_I2CEx_ConfigAnalogFilter
 .text.HAL_I2CEx_ConfigDigitalFilter
                0x08000e74       0x98 cmake/stm32cubemx/CMakeFiles/STM32_Drivers.dir/home/hellscoffe/STM32Cube/Repository/STM32Cube_FW_F0_V1.11.5/Drivers/STM32F0xx_HAL_Driver/Src/stm32f0xx_hal_i2c_ex.c.obj
                0x08000e74                HAL_I2CEx_ConfigDigitalFilter
 .text.HAL_RCC_OscConfig
                0x08000f0c      0x70c cmake/stm32cubemx/CMakeFiles/STM32_Drivers.dir/home/hellscoffe/STM32Cube/Repository/STM32Cube_FW_F0_V1.11.5/Drivers/STM32F0xx_HAL_Driver/Src/stm32f0xx_hal_rcc.c.obj
                0x08000f0c                HAL_RCC_OscConfig
 .text.HAL_RCC_ClockConfig
                0x08001618      0x1b4 cmake/stm32cubemx/CMakeFiles/STM32_Drivers.dir/home/hellscoffe/STM32Cube/Repository/STM32Cube_FW_F0_V1.11.5/Drivers/STM32F0xx_HAL_Driver/Src/stm32f0xx_hal_rcc.c.obj
                0x08001618                HAL_RCC_ClockConfig
 .text.HAL_RCC_GetSysClockFreq
                0x080017cc       0xe4 cmake/stm32cubemx/CMakeFiles/STM32_Drivers.dir/home/hellscoffe/STM32Cube/Repository/STM32Cube_FW_F0_V1.11.5/Drivers/STM32F0xx_HAL_Driver/Src/stm32f0xx_hal_rcc.c.obj
                0x080017cc                HAL_RCC_GetSysClockFreq
 .text.HAL_RCC_GetHCLKFreq
                0x080018b0       0x14 cmake/stm32cubemx/CMakeFiles/STM32_Drivers.dir/home/hellscoffe/STM32Cube/Repository/STM32Cube_FW_F0_V1.11.5/Drivers/STM32F0xx_HAL_Driver/Src/stm32f0xx_hal_rcc.c.obj
                0x080018b0                HAL_RCC_GetHCLKFreq
 .text.HAL_RCC_GetPCLK1Freq
                0x080018c4       0x2c cmake/stm32cubemx/CMakeFiles/STM32_Drivers.dir/home/hellscoffe/STM32Cube/Repository/STM32Cube_FW_F0_V1.11.5/Drivers/STM32F0xx_HAL_Driver/Src/stm32f0xx_hal_rcc.c.obj
                0x080018c4                HAL_RCC_GetPCLK1Freq
 .text.HAL_RCCEx_PeriphCLKConfig
                0x080018f0      0x1fc cmake/stm32cubemx/CMakeFiles/STM32_Drivers.dir/home/hellscoffe/STM32Cube/Repository/STM32Cube_FW_F0_V1.11.5/Drivers/STM32F0xx_HAL_Driver/Src/stm32f0xx_hal_rcc_ex.c.obj
                0x080018f0                HAL_RCCEx_PeriphCLKConfig
 .text.HAL_Init
                0x08001aec       0x28 cmake/stm32cubemx/CMakeFiles/STM32_Drivers.dir/home/hellscoffe/STM32Cube/Repository/STM32Cube_FW_F0_V1.11.5/Drivers/STM32F0xx_HAL_Driver/Src/stm32f0xx_hal.c.obj
                0x08001aec                HAL_Init
 .text.HAL_InitTick
                0x08001b14       0x68 cmake/stm32cubemx/CMakeFiles/STM32_Drivers.dir/home/hellscoffe/STM32Cube/Repository/STM32Cube_FW_F0_V1.11.5/Drivers/STM32F0xx_HAL_Driver/Src/stm32f0xx_hal.c.obj
                0x08001b14                HAL_InitTick
 .text.HAL_IncTick
                0x08001b7c       0x24 cmake/stm32cubemx/CMakeFiles/STM32_Drivers.dir/home/hellscoffe/STM32Cube/Repository/STM32Cube_FW_F0_V1.11.5/Drivers/STM32F0xx_HAL_Driver/Src/stm32f0xx_hal.c.obj
                0x08001b7c                HAL_IncTick
 .text.HAL_GetTick
                0x08001ba0       0x14 cmake/stm32cubemx/CMakeFiles/STM32_Drivers.dir/home/hellscoffe/STM32Cube/Repository/STM32Cube_FW_F0_V1.11.5/Drivers/STM32F0xx_HAL_Driver/Src/stm32f0xx_hal.c.obj
                0x08001ba0                HAL_GetTick
 .text.HAL_GPIO_Init
                0x08001bb4      0x2f0 cmake/stm32cubemx/CMakeFiles/STM32_Drivers.dir/home/hellscoffe/STM32Cube/Repository/STM32Cube_FW_F0_V1.11.5/Drivers/STM32F0xx_HAL_Driver/Src/stm32f0xx_hal_gpio.c.obj
                0x08001bb4                HAL_GPIO_Init
 .text.HAL_GPIO_WritePin
                0x08001ea4       0x3a cmake/stm32cubemx/CMakeFiles/STM32_Drivers.dir/home/hellscoffe/STM32Cube/Repository/STM32Cube_FW_F0_V1.11.5/Drivers/STM32F0xx_HAL_Driver/Src/stm32f0xx_hal_gpio.c.obj
                0x08001ea4                HAL_GPIO_WritePin
 *fill*         0x08001ede        0x2 
 .text.__NVIC_SetPriority
                0x08001ee0       0xdc cmake/stm32cubemx/CMakeFiles/STM32_Drivers.dir/home/hellscoffe/STM32Cube/Repository/STM32Cube_FW_F0_V1.11.5/Drivers/STM32F0xx_HAL_Driver/Src/stm32f0xx_hal_cortex.c.obj
 .text.SysTick_Config
                0x08001fbc       0x48 cmake/stm32cubemx/CMakeFiles/STM32_Drivers.dir/home/hellscoffe/STM32Cube/Repository/STM32Cube_FW_F0_V1.11.5/Drivers/STM32F0xx_HAL_Driver/Src/stm32f0xx_hal_cortex.c.obj
 .text.HAL_NVIC_SetPriority
                0x08002004       0x2a cmake/stm32cubemx/CMakeFiles/STM32_Drivers.dir/home/hellscoffe/STM32Cube/Repository/STM32Cube_FW_F0_V1.11.5/Drivers/STM32F0xx_HAL_Driver/Src/stm32f0xx_hal_cortex.c.obj
                0x08002004                HAL_NVIC_SetPriority
 .text.HAL_SYSTICK_Config
                0x0800202e       0x1a cmake/stm32cubemx/CMakeFiles/STM32_Drivers.dir/home/hellscoffe/STM32Cube/Repository/STM32Cube_FW_F0_V1.11.5/Drivers/STM32F0xx_HAL_Driver/Src/stm32f0xx_hal_cortex.c.obj
                0x0800202e                HAL_SYSTICK_Config
 .text.HAL_SPI_Init
                0x08002048      0x170 cmake/stm32cubemx/CMakeFiles/STM32_Drivers.dir/home/hellscoffe/STM32Cube/Repository/STM32Cube_FW_F0_V1.11.5/Drivers/STM32F0xx_HAL_Driver/Src/stm32f0xx_hal_spi.c.obj
                0x08002048                HAL_SPI_Init
 .text.HAL_TSC_Init
                0x080021b8      0x104 cmake/stm32cubemx/CMakeFiles/STM32_Drivers.dir/home/hellscoffe/STM32Cube/Repository/STM32Cube_FW_F0_V1.11.5/Drivers/STM32F0xx_HAL_Driver/Src/stm32f0xx_hal_tsc.c.obj
                0x080021b8                HAL_TSC_Init
 .text.TSC_extract_groups
                0x080022bc       0x46 cmake/stm32cubemx/CMakeFiles/STM32_Drivers.dir/home/hellscoffe/STM32Cube/Repository/STM32Cube_FW_F0_V1.11.5/Drivers/STM32F0xx_HAL_Driver/Src/stm32f0xx_hal_tsc.c.obj
 *fill*         0x08002302        0x2 
 .text.HAL_USART_Init
                0x08002304       0xa0 cmake/stm32cubemx/CMakeFiles/STM32_Drivers.dir/home/hellscoffe/STM32Cube/Repository/STM32Cube_FW_F0_V1.11.5/Drivers/STM32F0xx_HAL_Driver/Src/stm32f0xx_hal_usart.c.obj
                0x08002304                HAL_USART_Init
 .text.USART_WaitOnFlagUntilTimeout
                0x080023a4       0x6a cmake/stm32cubemx/CMakeFiles/STM32_Drivers.dir/home/hellscoffe/STM32Cube/Repository/STM32Cube_FW_F0_V1.11.5/Drivers/STM32F0xx_HAL_Driver/Src/stm32f0xx_hal_usart.c.obj
 *fill*         0x0800240e        0x2 
 .text.USART_SetConfig
                0x08002410      0x2b0 cmake/stm32cubemx/CMakeFiles/STM32_Drivers.dir/home/hellscoffe/STM32Cube/Repository/STM32Cube_FW_F0_V1.11.5/Drivers/STM32F0xx_HAL_Driver/Src/stm32f0xx_hal_usart.c.obj
 .text.USART_CheckIdleState
                0x080026c0       0x88 cmake/stm32cubemx/CMakeFiles/STM32_Drivers.dir/home/hellscoffe/STM32Cube/Repository/STM32Cube_FW_F0_V1.11.5/Drivers/STM32F0xx_HAL_Driver/Src/stm32f0xx_hal_usart.c.obj
 .text.HAL_PCD_Init
                0x08002748      0x1e8 cmake/stm32cubemx/CMakeFiles/STM32_Drivers.dir/home/hellscoffe/STM32Cube/Repository/STM32Cube_FW_F0_V1.11.5/Drivers/STM32F0xx_HAL_Driver/Src/stm32f0xx_hal_pcd.c.obj
                0x08002748                HAL_PCD_Init
 .text.HAL_PCDEx_ActivateLPM
                0x08002930       0x54 cmake/stm32cubemx/CMakeFiles/STM32_Drivers.dir/home/hellscoffe/STM32Cube/Repository/STM32Cube_FW_F0_V1.11.5/Drivers/STM32F0xx_HAL_Driver/Src/stm32f0xx_hal_pcd_ex.c.obj
                0x08002930                HAL_PCDEx_ActivateLPM
 .text.memset   0x08002984       0x10 /usr/lib/gcc/arm-none-eabi/15.2.0/../../../../arm-none-eabi/lib/thumb/v6-m/nofp/libg_nano.a(libc_a-memset.o)
                0x08002984                memset
 .text.__libc_init_array
                0x08002994       0x48 /usr/lib/gcc/arm-none-eabi/15.2.0/../../../../arm-none-eabi/lib/thumb/v6-m/nofp/libg_nano.a(libc_a-init.o)
                0x08002994                __libc_init_array
 *(.glue_7)
 .glue_7        0x080029dc        0x0 linker stubs
 *(.glue_7t)
 .glue_7t       0x080029dc        0x0 linker stubs
 *(.eh_frame)
 .eh_frame      0x080029dc        0x0 /usr/lib/gcc/arm-none-eabi/15.2.0/thumb/v6-m/nofp/crtbegin.o
 *(.init)
 .init          0x080029dc        0x4 /usr/lib/gcc/arm-none-eabi/15.2.0/thumb/v6-m/nofp/crti.o
                0x080029dc                _init
 .init          0x080029e0        0x8 /usr/lib/gcc/arm-none-eabi/15.2.0/thumb/v6-m/nofp/crtn.o
 *(.fini)
 .fini          0x080029e8        0x4 /usr/lib/gcc/arm-none-eabi/15.2.0/thumb/v6-m/nofp/crti.o
                0x080029e8                _fini
 .fini          0x080029ec        0x8 /usr/lib/gcc/arm-none-eabi/15.2.0/thumb/v6-m/nofp/crtn.o
                0x080029f4                        . = ALIGN (0x4)
                0x080029f4                        _etext = .

.vfp11_veneer   0x080029f4        0x0
 .vfp11_veneer  0x080029f4        0x0 linker stubs

.v4_bx          0x080029f4        0x0
 .v4_bx         0x080029f4        0x0 linker stubs

.iplt           0x080029f4        0x0
 .iplt          0x080029f4        0x0 /usr/lib/gcc/arm-none-eabi/15.2.0/thumb/v6-m/nofp/crtbegin.o

.rodata         0x080029f4       0x38
                0x080029f4                        . = ALIGN (0x4)
 *(.rodata)
 *(.rodata*)
 .rodata.AHBPrescTable
                0x080029f4       0x10 cmake/stm32cubemx/CMakeFiles/STM32_Drivers.dir/__/__/Core/Src/system_stm32f0xx.c.obj
                0x080029f4                AHBPrescTable
 .rodata.APBPrescTable
                0x08002a04        0x8 cmake/stm32cubemx/CMakeFiles/STM32_Drivers.dir/__/__/Core/Src/system_stm32f0xx.c.obj
                0x08002a04                APBPrescTable
 .rodata.aPLLMULFactorTable.1
                0x08002a0c       0x10 cmake/stm32cubemx/CMakeFiles/STM32_Drivers.dir/home/hellscoffe/STM32Cube/Repository/STM32Cube_FW_F0_V1.11.5/Drivers/STM32F0xx_HAL_Driver/Src/stm32f0xx_hal_rcc.c.obj
 .rodata.aPredivFactorTable.0
                0x08002a1c       0x10 cmake/stm32cubemx/CMakeFiles/STM32_Drivers.dir/home/hellscoffe/STM32Cube/Repository/STM32Cube_FW_F0_V1.11.5/Drivers/STM32F0xx_HAL_Driver/Src/stm32f0xx_hal_rcc.c.obj
                0x08002a2c                        . = ALIGN (0x4)

.ARM.extab      0x08002a2c        0x0
                0x08002a2c                        . = ALIGN (0x4)
 *(.ARM.extab* .gnu.linkonce.armextab.*)
                0x08002a2c                        . = ALIGN (0x4)

.ARM            0x08002a2c        0x0
                0x08002a2c                        . = ALIGN (0x4)
                0x08002a2c                        __exidx_start = .
 *(.ARM.exidx*)
                0x08002a2c                        __exidx_end = .
                0x08002a2c                        . = ALIGN (0x4)

.preinit_array  0x08002a2c        0x0
                0x08002a2c                        . = ALIGN (0x4)
                0x08002a2c                        PROVIDE (__preinit_array_start = .)
 *(.preinit_array*)
                0x08002a2c                        PROVIDE (__preinit_array_end = .)
                0x08002a2c                        . = ALIGN (0x4)

.init_array     0x08002a2c        0x4
                0x08002a2c                        . = ALIGN (0x4)
                0x08002a2c                        PROVIDE (__init_array_start = .)
 *(SORT_BY_NAME(.init_array.*))
 *(.init_array*)
 .init_array    0x08002a2c        0x4 /usr/lib/gcc/arm-none-eabi/15.2.0/thumb/v6-m/nofp/crtbegin.o
                0x08002a30                        PROVIDE (__init_array_end = .)
                0x08002a30                        . = ALIGN (0x4)

.fini_array     0x08002a30        0x4
                0x08002a30                        . = ALIGN (0x4)
                0x08002a30                        PROVIDE (__fini_array_start = .)
 *(SORT_BY_NAME(.fini_array.*))
 *(.fini_array*)
 .fini_array    0x08002a30        0x4 /usr/lib/gcc/arm-none-eabi/15.2.0/thumb/v6-m/nofp/crtbegin.o
                0x08002a34                        PROVIDE (__fini_array_end = .)
                0x08002a34                        . = ALIGN (0x4)
                0x08002a34                        _sidata = LOADADDR (.data)

.rel.dyn        0x08002a34        0x0
 .rel.iplt      0x08002a34        0x0 /usr/lib/gcc/arm-none-eabi/15.2.0/thumb/v6-m/nofp/crtbegin.o

.data           0x20000000        0xc load address 0x08002a34
                0x20000000                        . = ALIGN (0x4)
                0x20000000                        _sdata = .
 *(.data)
 *(.data*)
 .data.SystemCoreClock
                0x20000000        0x4 cmake/stm32cubemx/CMakeFiles/STM32_Drivers.dir/__/__/Core/Src/system_stm32f0xx.c.obj
                0x20000000                SystemCoreClock
 .data.uwTickPrio
                0x20000004        0x4 cmake/stm32cubemx/CMakeFiles/STM32_Drivers.dir/home/hellscoffe/STM32Cube/Repository/STM32Cube_FW_F0_V1.11.5/Drivers/STM32F0xx_HAL_Driver/Src/stm32f0xx_hal.c.obj
                0x20000004                uwTickPrio
 .data.uwTickFreq
                0x20000008        0x1 cmake/stm32cubemx/CMakeFiles/STM32_Drivers.dir/home/hellscoffe/STM32Cube/Repository/STM32Cube_FW_F0_V1.11.5/Drivers/STM32F0xx_HAL_Driver/Src/stm32f0xx_hal.c.obj
                0x20000008                uwTickFreq
 *(.RamFunc)
 *(.RamFunc*)
                0x2000000c                        . = ALIGN (0x4)
 *fill*         0x20000009        0x3 

.tm_clone_table
                0x2000000c        0x0 load address 0x08002a40
 .tm_clone_table
                0x2000000c        0x0 /usr/lib/gcc/arm-none-eabi/15.2.0/thumb/v6-m/nofp/crtbegin.o
 .tm_clone_table
                0x2000000c        0x0 /usr/lib/gcc/arm-none-eabi/15.2.0/thumb/v6-m/nofp/crtend.o

.igot.plt       0x2000000c        0x0 load address 0x08002a40
 .igot.plt      0x2000000c        0x0 /usr/lib/gcc/arm-none-eabi/15.2.0/thumb/v6-m/nofp/crtbegin.o

.tdata          0x2000000c        0x0 load address 0x08002a40
 *(.tdata .tdata.* .gnu.linkonce.td.*)
                0x2000000c                        . = ALIGN (0x4)
                0x2000000c                        _edata = .
                [!provide]                        PROVIDE (__data_end = .)
                [!provide]                        PROVIDE (__tdata_end = .)
                [!provide]                        PROVIDE (__tdata_start = ADDR (.tdata))
                [!provide]                        PROVIDE (__tdata_size = (__tdata_end - __tdata_start))
                [!provide]                        PROVIDE (__data_start = ADDR (.data))
                [!provide]                        PROVIDE (__data_size = (__data_end - __data_start))
                [!provide]                        PROVIDE (__tdata_source = LOADADDR (.tdata))
                [!provide]                        PROVIDE (__tdata_source_end = (LOADADDR (.tdata) + SIZEOF (.tdata)))
                [!provide]                        PROVIDE (__tdata_source_size = (__tdata_source_end - __tdata_source))
                [!provide]                        PROVIDE (__data_source = LOADADDR (.data))
                [!provide]                        PROVIDE (__data_source_end = __tdata_source_end)
                [!provide]                        PROVIDE (__data_source_size = (__data_source_end - __data_source))

.tbss           0x2000000c        0x0 load address 0x08002a40
                0x2000000c                        _sbss = .
                0x2000000c                        __bss_start__ = _sbss
 *(.tbss .tbss.*)
                0x2000000c                        . = ALIGN (0x4)
                [!provide]                        PROVIDE (__tbss_end = .)
                [!provide]                        PROVIDE (__tbss_start = ADDR (.tbss))
                [!provide]                        PROVIDE (__tbss_size = (__tbss_end - __tbss_start))
                [!provide]                        PROVIDE (__tbss_offset = (ADDR (.tbss) - ADDR (.tdata)))
                [!provide]                        PROVIDE (__tls_base = __tdata_start)
                [!provide]                        PROVIDE (__tls_end = __tbss_end)
                [!provide]                        PROVIDE (__tls_size = (__tls_end - __tls_base))
                [!provide]                        PROVIDE (__tls_align = MAX (ALIGNOF (.tdata), ALIGNOF (.tbss)))
                [!provide]                        PROVIDE (__tls_size_align = (((__tls_size + __tls_align) - 0x1) & ~ ((__tls_align - 0x1))))
                [!provide]                        PROVIDE (__arm32_tls_tcb_offset = MAX (0x8, __tls_align))
                [!provide]                        PROVIDE (__arm64_tls_tcb_offset = MAX (0x10, __tls_align))

.bss            0x2000000c      0x448 load address 0x08002a40
 *(.bss)
 .bss           0x2000000c       0x1c /usr/lib/gcc/arm-none-eabi/15.2.0/thumb/v6-m/nofp/crtbegin.o
 *(.bss*)
 .bss.hi2c2     0x20000028       0x54 CMakeFiles/Locator.dir/Core/Src/i2c.c.obj
                0x20000028                hi2c2
 .bss.hspi1     0x2000007c       0x64 CMakeFiles/Locator.dir/Core/Src/spi.c.obj
                0x2000007c                hspi1
 .bss.htsc      0x200000e0       0x44 CMakeFiles/Locator.dir/Core/Src/tsc.c.obj
                0x200000e0                htsc
 .bss.husart1   0x20000124       0x50 CMakeFiles/Locator.dir/Core/Src/usart.c.obj
                0x20000124                husart1
 .bss.hpcd_USB_FS
                0x20000174      0x2dc CMakeFiles/Locator.dir/Core/Src/usb.c.obj
                0x20000174                hpcd_USB_FS
 .bss.uwTick    0x20000450        0x4 cmake/stm32cubemx/CMakeFiles/STM32_Drivers.dir/home/hellscoffe/STM32Cube/Repository/STM32Cube_FW_F0_V1.11.5/Drivers/STM32F0xx_HAL_Driver/Src/stm32f0xx_hal.c.obj
                0x20000450                uwTick
 *(COMMON)
                0x20000454                        . = ALIGN (0x4)
                0x20000454                        _ebss = .
                0x20000454                        __bss_end__ = _ebss
                [!provide]                        PROVIDE (__bss_end = .)
                [!provide]                        PROVIDE (__non_tls_bss_start = ADDR (.bss))
                [!provide]                        PROVIDE (__bss_start = __tbss_start)
                [!provide]                        PROVIDE (__bss_size = (__bss_end - __bss_start))

._user_heap_stack
                0x20000454      0x604 load address 0x08002a40
                0x20000458                        . = ALIGN (0x8)
 *fill*         0x20000454        0x4 
                [!provide]                        PROVIDE (end = .)
                0x20000458                        PROVIDE (_end = .)
                0x20000658                        . = (. + _Min_Heap_Size)
 *fill*         0x20000458      0x200 
                0x20000a58                        . = (. + _Min_Stack_Size)
 *fill*         0x20000658      0x400 
                0x20000a58                        . = ALIGN (0x8)

/DISCARD/
 libc.a:*(*)
 libm.a:*(*)
 libgcc.a:*(*)
OUTPUT(Locator.elf elf32-littlearm)
LOAD linker stubs

.ARM.attributes
                0x00000000       0x28
 .ARM.attributes
                0x00000000       0x1e /usr/lib/gcc/arm-none-eabi/15.2.0/thumb/v6-m/nofp/crti.o
 .ARM.attributes
                0x0000001e       0x2c /usr/lib/gcc/arm-none-eabi/15.2.0/thumb/v6-m/nofp/crtbegin.o
 .ARM.attributes
                0x0000004a       0x2c CMakeFiles/Locator.dir/Core/Src/main.c.obj
 .ARM.attributes
                0x00000076       0x2c CMakeFiles/Locator.dir/Core/Src/gpio.c.obj
 .ARM.attributes
                0x000000a2       0x2c CMakeFiles/Locator.dir/Core/Src/i2c.c.obj
 .ARM.attributes
                0x000000ce       0x2c CMakeFiles/Locator.dir/Core/Src/spi.c.obj
 .ARM.attributes
                0x000000fa       0x2c CMakeFiles/Locator.dir/Core/Src/tsc.c.obj
 .ARM.attributes
                0x00000126       0x2c CMakeFiles/Locator.dir/Core/Src/usart.c.obj
 .ARM.attributes
                0x00000152       0x2c CMakeFiles/Locator.dir/Core/Src/usb.c.obj
 .ARM.attributes
                0x0000017e       0x2c CMakeFiles/Locator.dir/Core/Src/stm32f0xx_it.c.obj
 .ARM.attributes
                0x000001aa       0x2c CMakeFiles/Locator.dir/Core/Src/stm32f0xx_hal_msp.c.obj
 .ARM.attributes
                0x000001d6       0x21 CMakeFiles/Locator.dir/startup_stm32f072xb.s.obj
 .ARM.attributes
                0x000001f7       0x2c cmake/stm32cubemx/CMakeFiles/STM32_Drivers.dir/__/__/Core/Src/system_stm32f0xx.c.obj
 .ARM.attributes
                0x00000223       0x2c cmake/stm32cubemx/CMakeFiles/STM32_Drivers.dir/home/hellscoffe/STM32Cube/Repository/STM32Cube_FW_F0_V1.11.5/Drivers/STM32F0xx_HAL_Driver/Src/stm32f0xx_ll_usb.c.obj
 .ARM.attributes
                0x0000024f       0x2c cmake/stm32cubemx/CMakeFiles/STM32_Drivers.dir/home/hellscoffe/STM32Cube/Repository/STM32Cube_FW_F0_V1.11.5/Drivers/STM32F0xx_HAL_Driver/Src/stm32f0xx_hal_i2c.c.obj
 .ARM.attributes
                0x0000027b       0x2c cmake/stm32cubemx/CMakeFiles/STM32_Drivers.dir/home/hellscoffe/STM32Cube/Repository/STM32Cube_FW_F0_V1.11.5/Drivers/STM32F0xx_HAL_Driver/Src/stm32f0xx_hal_i2c_ex.c.obj
 .ARM.attributes
                0x000002a7       0x2c cmake/stm32cubemx/CMakeFiles/STM32_Drivers.dir/home/hellscoffe/STM32Cube/Repository/STM32Cube_FW_F0_V1.11.5/Drivers/STM32F0xx_HAL_Driver/Src/stm32f0xx_hal_rcc.c.obj
 .ARM.attributes
                0x000002d3       0x2c cmake/stm32cubemx/CMakeFiles/STM32_Drivers.dir/home/hellscoffe/STM32Cube/Repository/STM32Cube_FW_F0_V1.11.5/Drivers/STM32F0xx_HAL_Driver/Src/stm32f0xx_hal_rcc_ex.c.obj
 .ARM.attributes
                0x000002ff       0x2c cmake/stm32cubemx/CMakeFiles/STM32_Drivers.dir/home/hellscoffe/STM32Cube/Repository/STM32Cube_FW_F0_V1.11.5/Drivers/STM32F0xx_HAL_Driver/Src/stm32f0xx_hal.c.obj
 .ARM.attributes
                0x0000032b       0x2c cmake/stm32cubemx/CMakeFiles/STM32_Drivers.dir/home/hellscoffe/STM32Cube/Repository/STM32Cube_FW_F0_V1.11.5/Drivers/STM32F0xx_HAL_Driver/Src/stm32f0xx_hal_gpio.c.obj
 .ARM.attributes
                0x00000357       0x2c cmake/stm32cubemx/CMakeFiles/STM32_Drivers.dir/home/hellscoffe/STM32Cube/Repository/STM32Cube_FW_F0_V1.11.5/Drivers/STM32F0xx_HAL_Driver/Src/stm32f0xx_hal_cortex.c.obj
 .ARM.attributes
                0x00000383       0x2c cmake/stm32cubemx/CMakeFiles/STM32_Drivers.dir/home/hellscoffe/STM32Cube/Repository/STM32Cube_FW_F0_V1.11.5/Drivers/STM32F0xx_HAL_Driver/Src/stm32f0xx_hal_spi.c.obj
 .ARM.attributes
                0x000003af       0x2c cmake/stm32cubemx/CMakeFiles/STM32_Drivers.dir/home/hellscoffe/STM32Cube/Repository/STM32Cube_FW_F0_V1.11.5/Drivers/STM32F0xx_HAL_Driver/Src/stm32f0xx_hal_tsc.c.obj
 .ARM.attributes
                0x000003db       0x2c cmake/stm32cubemx/CMakeFiles/STM32_Drivers.dir/home/hellscoffe/STM32Cube/Repository/STM32Cube_FW_F0_V1.11.5/Drivers/STM32F0xx_HAL_Driver/Src/stm32f0xx_hal_usart.c.obj
 .ARM.attributes
                0x00000407       0x2c cmake/stm32cubemx/CMakeFiles/STM32_Drivers.dir/home/hellscoffe/STM32Cube/Repository/STM32Cube_FW_F0_V1.11.5/Drivers/STM32F0xx_HAL_Driver/Src/stm32f0xx_hal_pcd.c.obj
 .ARM.attributes
                0x00000433       0x2c cmake/stm32cubemx/CMakeFiles/STM32_Drivers.dir/home/hellscoffe/STM32Cube/Repository/STM32Cube_FW_F0_V1.11.5/Drivers/STM32F0xx_HAL_Driver/Src/stm32f0xx_hal_pcd_ex.c.obj
 .ARM.attributes
                0x0000045f       0x1e /usr/lib/gcc/arm-none-eabi/15.2.0/thumb/v6-m/nofp/libgcc.a(_udivsi3.o)
 .ARM.attributes
                0x0000047d       0x1e /usr/lib/gcc/arm-none-eabi/15.2.0/thumb/v6-m/nofp/libgcc.a(_dvmd_tls.o)
 .ARM.attributes
                0x0000049b       0x2c /usr/lib/gcc/arm-none-eabi/15.2.0/../../../../arm-none-eabi/lib/thumb/v6-m/nofp/libg_nano.a(libc_a-memset.o)
 .ARM.attributes
                0x000004c7       0x2c /usr/lib/gcc/arm-none-eabi/15.2.0/../../../../arm-none-eabi/lib/thumb/v6-m/nofp/libg_nano.a(libc_a-init.o)
 .ARM.attributes
                0x000004f3       0x2c /usr/lib/gcc/arm-none-eabi/15.2.0/thumb/v6-m/nofp/crtend.o
 .ARM.attributes
                0x0000051f       0x1e /usr/lib/gcc/arm-none-eabi/15.2.0/thumb/v6-m/nofp/crtn.o

.comment        0x00000000       0x46
 .comment       0x00000000       0x46 /usr/lib/gcc/arm-none-eabi/15.2.0/thumb/v6-m/nofp/crtbegin.o
                                 0x24 (size before relaxing)
 .comment       0x00000046        0x0 CMakeFiles/Locator.dir/Core/Src/main.c.obj
                                 0x24 (size before relaxing)
 .comment       0x00000046        0x0 CMakeFiles/Locator.dir/Core/Src/gpio.c.obj
                                 0x24 (size before relaxing)
 .comment       0x00000046        0x0 CMakeFiles/Locator.dir/Core/Src/i2c.c.obj
                                 0x24 (size before relaxing)
 .comment       0x00000046        0x0 CMakeFiles/Locator.dir/Core/Src/spi.c.obj
                                 0x24 (size before relaxing)
 .comment       0x00000046        0x0 CMakeFiles/Locator.dir/Core/Src/tsc.c.obj
                                 0x24 (size before relaxing)
 .comment       0x00000046        0x0 CMakeFiles/Locator.dir/Core/Src/usart.c.obj
                                 0x24 (size before relaxing)
 .comment       0x00000046        0x0 CMakeFiles/Locator.dir/Core/Src/usb.c.obj
                                 0x24 (size before relaxing)
 .comment       0x00000046        0x0 CMakeFiles/Locator.dir/Core/Src/stm32f0xx_it.c.obj
                                 0x24 (size before relaxing)
 .comment       0x00000046        0x0 CMakeFiles/Locator.dir/Core/Src/stm32f0xx_hal_msp.c.obj
                                 0x24 (size before relaxing)
 .comment       0x00000046        0x0 cmake/stm32cubemx/CMakeFiles/STM32_Drivers.dir/__/__/Core/Src/system_stm32f0xx.c.obj
                                 0x24 (size before relaxing)
 .comment       0x00000046        0x0 cmake/stm32cubemx/CMakeFiles/STM32_Drivers.dir/home/hellscoffe/STM32Cube/Repository/STM32Cube_FW_F0_V1.11.5/Drivers/STM32F0xx_HAL_Driver/Src/stm32f0xx_ll_usb.c.obj
                                 0x24 (size before relaxing)
 .comment       0x00000046        0x0 cmake/stm32cubemx/CMakeFiles/STM32_Drivers.dir/home/hellscoffe/STM32Cube/Repository/STM32Cube_FW_F0_V1.11.5/Drivers/STM32F0xx_HAL_Driver/Src/stm32f0xx_hal_i2c.c.obj
                                 0x24 (size before relaxing)
 .comment       0x00000046        0x0 cmake/stm32cubemx/CMakeFiles/STM32_Drivers.dir/home/hellscoffe/STM32Cube/Repository/STM32Cube_FW_F0_V1.11.5/Drivers/STM32F0xx_HAL_Driver/Src/stm32f0xx_hal_i2c_ex.c.obj
                                 0x24 (size before relaxing)
 .comment       0x00000046        0x0 cmake/stm32cubemx/CMakeFiles/STM32_Drivers.dir/home/hellscoffe/STM32Cube/Repository/STM32Cube_FW_F0_V1.11.5/Drivers/STM32F0xx_HAL_Driver/Src/stm32f0xx_hal_rcc.c.obj
                                 0x24 (size before relaxing)
 .comment       0x00000046        0x0 cmake/stm32cubemx/CMakeFiles/STM32_Drivers.dir/home/hellscoffe/STM32Cube/Repository/STM32Cube_FW_F0_V1.11.5/Drivers/STM32F0xx_HAL_Driver/Src/stm32f0xx_hal_rcc_ex.c.obj
                                 0x24 (size before relaxing)
 .comment       0x00000046        0x0 cmake/stm32cubemx/CMakeFiles/STM32_Drivers.dir/home/hellscoffe/STM32Cube/Repository/STM32Cube_FW_F0_V1.11.5/Drivers/STM32F0xx_HAL_Driver/Src/stm32f0xx_hal.c.obj
                                 0x24 (size before relaxing)
 .comment       0x00000046        0x0 cmake/stm32cubemx/CMakeFiles/STM32_Drivers.dir/home/hellscoffe/STM32Cube/Repository/STM32Cube_FW_F0_V1.11.5/Drivers/STM32F0xx_HAL_Driver/Src/stm32f0xx_hal_gpio.c.obj
                                 0x24 (size before relaxing)
 .comment       0x00000046        0x0 cmake/stm32cubemx/CMakeFiles/STM32_Drivers.dir/home/hellscoffe/STM32Cube/Repository/STM32Cube_FW_F0_V1.11.5/Drivers/STM32F0xx_HAL_Driver/Src/stm32f0xx_hal_cortex.c.obj
                                 0x24 (size before relaxing)
 .comment       0x00000046        0x0 cmake/stm32cubemx/CMakeFiles/STM32_Drivers.dir/home/hellscoffe/STM32Cube/Repository/STM32Cube_FW_F0_V1.11.5/Drivers/STM32F0xx_HAL_Driver/Src/stm32f0xx_hal_spi.c.obj
                                 0x24 (size before relaxing)
 .comment       0x00000046        0x0 cmake/stm32cubemx/CMakeFiles/STM32_Drivers.dir/home/hellscoffe/STM32Cube/Repository/STM32Cube_FW_F0_V1.11.5/Drivers/STM32F0xx_HAL_Driver/Src/stm32f0xx_hal_tsc.c.obj
                                 0x24 (size before relaxing)
 .comment       0x00000046        0x0 cmake/stm32cubemx/CMakeFiles/STM32_Drivers.dir/home/hellscoffe/STM32Cube/Repository/STM32Cube_FW_F0_V1.11.5/Drivers/STM32F0xx_HAL_Driver/Src/stm32f0xx_hal_usart.c.obj
                                 0x24 (size before relaxing)
 .comment       0x00000046        0x0 cmake/stm32cubemx/CMakeFiles/STM32_Drivers.dir/home/hellscoffe/STM32Cube/Repository/STM32Cube_FW_F0_V1.11.5/Drivers/STM32F0xx_HAL_Driver/Src/stm32f0xx_hal_pcd.c.obj
                                 0x24 (size before relaxing)
 .comment       0x00000046        0x0 cmake/stm32cubemx/CMakeFiles/STM32_Drivers.dir/home/hellscoffe/STM32Cube/Repository/STM32Cube_FW_F0_V1.11.5/Drivers/STM32F0xx_HAL_Driver/Src/stm32f0xx_hal_pcd_ex.c.obj
                                 0x24 (size before relaxing)
 .comment       0x00000046        0x0 /usr/lib/gcc/arm-none-eabi/15.2.0/../../../../arm-none-eabi/lib/thumb/v6-m/nofp/libg_nano.a(libc_a-memset.o)
                                 0x24 (size before relaxing)
 .comment       0x00000046        0x0 /usr/lib/gcc/arm-none-eabi/15.2.0/../../../../arm-none-eabi/lib/thumb/v6-m/nofp/libg_nano.a(libc_a-init.o)
                                 0x24 (size before relaxing)
 .comment       0x00000046        0x0 /usr/lib/gcc/arm-none-eabi/15.2.0/thumb/v6-m/nofp/crtend.o
                                 0x24 (size before relaxing)

.debug_info     0x00000000     0xe49a
 .debug_info    0x00000000      0x371 CMakeFiles/Locator.dir/Core/Src/main.c.obj
 .debug_info    0x00000371      0x37b CMakeFiles/Locator.dir/Core/Src/gpio.c.obj
 .debug_info    0x000006ec      0x8c0 CMakeFiles/Locator.dir/Core/Src/i2c.c.obj
 .debug_info    0x00000fac      0x879 CMakeFiles/Locator.dir/Core/Src/spi.c.obj
 .debug_info    0x00001825      0x647 CMakeFiles/Locator.dir/Core/Src/tsc.c.obj
 .debug_info    0x00001e6c      0x872 CMakeFiles/Locator.dir/Core/Src/usart.c.obj
 .debug_info    0x000026de      0x710 CMakeFiles/Locator.dir/Core/Src/usb.c.obj
 .debug_info    0x00002dee       0xd3 CMakeFiles/Locator.dir/Core/Src/stm32f0xx_it.c.obj
 .debug_info    0x00002ec1      0x199 CMakeFiles/Locator.dir/Core/Src/stm32f0xx_hal_msp.c.obj
 .debug_info    0x0000305a       0x30 CMakeFiles/Locator.dir/startup_stm32f072xb.s.obj
 .debug_info    0x0000308a      0x242 cmake/stm32cubemx/CMakeFiles/STM32_Drivers.dir/__/__/Core/Src/system_stm32f0xx.c.obj
 .debug_info    0x000032cc     0x166d cmake/stm32cubemx/CMakeFiles/STM32_Drivers.dir/home/hellscoffe/STM32Cube/Repository/STM32Cube_FW_F0_V1.11.5/Drivers/STM32F0xx_HAL_Driver/Src/stm32f0xx_ll_usb.c.obj
 .debug_info    0x00004939     0x20c5 cmake/stm32cubemx/CMakeFiles/STM32_Drivers.dir/home/hellscoffe/STM32Cube/Repository/STM32Cube_FW_F0_V1.11.5/Drivers/STM32F0xx_HAL_Driver/Src/stm32f0xx_hal_i2c.c.obj
 .debug_info    0x000069fe      0x824 cmake/stm32cubemx/CMakeFiles/STM32_Drivers.dir/home/hellscoffe/STM32Cube/Repository/STM32Cube_FW_F0_V1.11.5/Drivers/STM32F0xx_HAL_Driver/Src/stm32f0xx_hal_i2c_ex.c.obj
 .debug_info    0x00007222      0x83f cmake/stm32cubemx/CMakeFiles/STM32_Drivers.dir/home/hellscoffe/STM32Cube/Repository/STM32Cube_FW_F0_V1.11.5/Drivers/STM32F0xx_HAL_Driver/Src/stm32f0xx_hal_rcc.c.obj
 .debug_info    0x00007a61      0x61c cmake/stm32cubemx/CMakeFiles/STM32_Drivers.dir/home/hellscoffe/STM32Cube/Repository/STM32Cube_FW_F0_V1.11.5/Drivers/STM32F0xx_HAL_Driver/Src/stm32f0xx_hal_rcc_ex.c.obj
 .debug_info    0x0000807d      0x6c9 cmake/stm32cubemx/CMakeFiles/STM32_Drivers.dir/home/hellscoffe/STM32Cube/Repository/STM32Cube_FW_F0_V1.11.5/Drivers/STM32F0xx_HAL_Driver/Src/stm32f0xx_hal.c.obj
 .debug_info    0x00008746      0x5a6 cmake/stm32cubemx/CMakeFiles/STM32_Drivers.dir/home/hellscoffe/STM32Cube/Repository/STM32Cube_FW_F0_V1.11.5/Drivers/STM32F0xx_HAL_Driver/Src/stm32f0xx_hal_gpio.c.obj
 .debug_info    0x00008cec      0x6c5 cmake/stm32cubemx/CMakeFiles/STM32_Drivers.dir/home/hellscoffe/STM32Cube/Repository/STM32Cube_FW_F0_V1.11.5/Drivers/STM32F0xx_HAL_Driver/Src/stm32f0xx_hal_cortex.c.obj
 .debug_info    0x000093b1     0x1618 cmake/stm32cubemx/CMakeFiles/STM32_Drivers.dir/home/hellscoffe/STM32Cube/Repository/STM32Cube_FW_F0_V1.11.5/Drivers/STM32F0xx_HAL_Driver/Src/stm32f0xx_hal_spi.c.obj
 .debug_info    0x0000a9c9      0x729 cmake/stm32cubemx/CMakeFiles/STM32_Drivers.dir/home/hellscoffe/STM32Cube/Repository/STM32Cube_FW_F0_V1.11.5/Drivers/STM32F0xx_HAL_Driver/Src/stm32f0xx_hal_tsc.c.obj
 .debug_info    0x0000b0f2     0x131c cmake/stm32cubemx/CMakeFiles/STM32_Drivers.dir/home/hellscoffe/STM32Cube/Repository/STM32Cube_FW_F0_V1.11.5/Drivers/STM32F0xx_HAL_Driver/Src/stm32f0xx_hal_usart.c.obj
 .debug_info    0x0000c40e     0x161d cmake/stm32cubemx/CMakeFiles/STM32_Drivers.dir/home/hellscoffe/STM32Cube/Repository/STM32Cube_FW_F0_V1.11.5/Drivers/STM32F0xx_HAL_Driver/Src/stm32f0xx_hal_pcd.c.obj
 .debug_info    0x0000da2b      0x80a cmake/stm32cubemx/CMakeFiles/STM32_Drivers.dir/home/hellscoffe/STM32Cube/Repository/STM32Cube_FW_F0_V1.11.5/Drivers/STM32F0xx_HAL_Driver/Src/stm32f0xx_hal_pcd_ex.c.obj
 .debug_info    0x0000e235       0x3e /usr/lib/gcc/arm-none-eabi/15.2.0/thumb/v6-m/nofp/libgcc.a(_udivsi3.o)
 .debug_info    0x0000e273       0x3c /usr/lib/gcc/arm-none-eabi/15.2.0/thumb/v6-m/nofp/libgcc.a(_dvmd_tls.o)
 .debug_info    0x0000e2af       0xe0 /usr/lib/gcc/arm-none-eabi/15.2.0/../../../../arm-none-eabi/lib/thumb/v6-m/nofp/libg_nano.a(libc_a-memset.o)
 .debug_info    0x0000e38f      0x10b /usr/lib/gcc/arm-none-eabi/15.2.0/../../../../arm-none-eabi/lib/thumb/v6-m/nofp/libg_nano.a(libc_a-init.o)

.debug_abbrev   0x00000000     0x2d3a
 .debug_abbrev  0x00000000      0x192 CMakeFiles/Locator.dir/Core/Src/main.c.obj
 .debug_abbrev  0x00000192      0x152 CMakeFiles/Locator.dir/Core/Src/gpio.c.obj
 .debug_abbrev  0x000002e4      0x215 CMakeFiles/Locator.dir/Core/Src/i2c.c.obj
 .debug_abbrev  0x000004f9      0x1f2 CMakeFiles/Locator.dir/Core/Src/spi.c.obj
 .debug_abbrev  0x000006eb      0x1ce CMakeFiles/Locator.dir/Core/Src/tsc.c.obj
 .debug_abbrev  0x000008b9      0x1f7 CMakeFiles/Locator.dir/Core/Src/usart.c.obj
 .debug_abbrev  0x00000ab0      0x1d5 CMakeFiles/Locator.dir/Core/Src/usb.c.obj
 .debug_abbrev  0x00000c85       0x73 CMakeFiles/Locator.dir/Core/Src/stm32f0xx_it.c.obj
 .debug_abbrev  0x00000cf8       0xc6 CMakeFiles/Locator.dir/Core/Src/stm32f0xx_hal_msp.c.obj
 .debug_abbrev  0x00000dbe       0x24 CMakeFiles/Locator.dir/startup_stm32f072xb.s.obj
 .debug_abbrev  0x00000de2      0x11c cmake/stm32cubemx/CMakeFiles/STM32_Drivers.dir/__/__/Core/Src/system_stm32f0xx.c.obj
 .debug_abbrev  0x00000efe      0x247 cmake/stm32cubemx/CMakeFiles/STM32_Drivers.dir/home/hellscoffe/STM32Cube/Repository/STM32Cube_FW_F0_V1.11.5/Drivers/STM32F0xx_HAL_Driver/Src/stm32f0xx_ll_usb.c.obj
 .debug_abbrev  0x00001145      0x261 cmake/stm32cubemx/CMakeFiles/STM32_Drivers.dir/home/hellscoffe/STM32Cube/Repository/STM32Cube_FW_F0_V1.11.5/Drivers/STM32F0xx_HAL_Driver/Src/stm32f0xx_hal_i2c.c.obj
 .debug_abbrev  0x000013a6      0x1c3 cmake/stm32cubemx/CMakeFiles/STM32_Drivers.dir/home/hellscoffe/STM32Cube/Repository/STM32Cube_FW_F0_V1.11.5/Drivers/STM32F0xx_HAL_Driver/Src/stm32f0xx_hal_i2c_ex.c.obj
 .debug_abbrev  0x00001569      0x28c cmake/stm32cubemx/CMakeFiles/STM32_Drivers.dir/home/hellscoffe/STM32Cube/Repository/STM32Cube_FW_F0_V1.11.5/Drivers/STM32F0xx_HAL_Driver/Src/stm32f0xx_hal_rcc.c.obj
 .debug_abbrev  0x000017f5      0x1a6 cmake/stm32cubemx/CMakeFiles/STM32_Drivers.dir/home/hellscoffe/STM32Cube/Repository/STM32Cube_FW_F0_V1.11.5/Drivers/STM32F0xx_HAL_Driver/Src/stm32f0xx_hal_rcc_ex.c.obj
 .debug_abbrev  0x0000199b      0x213 cmake/stm32cubemx/CMakeFiles/STM32_Drivers.dir/home/hellscoffe/STM32Cube/Repository/STM32Cube_FW_F0_V1.11.5/Drivers/STM32F0xx_HAL_Driver/Src/stm32f0xx_hal.c.obj
 .debug_abbrev  0x00001bae      0x1cb cmake/stm32cubemx/CMakeFiles/STM32_Drivers.dir/home/hellscoffe/STM32Cube/Repository/STM32Cube_FW_F0_V1.11.5/Drivers/STM32F0xx_HAL_Driver/Src/stm32f0xx_hal_gpio.c.obj
 .debug_abbrev  0x00001d79      0x28c cmake/stm32cubemx/CMakeFiles/STM32_Drivers.dir/home/hellscoffe/STM32Cube/Repository/STM32Cube_FW_F0_V1.11.5/Drivers/STM32F0xx_HAL_Driver/Src/stm32f0xx_hal_cortex.c.obj
 .debug_abbrev  0x00002005      0x269 cmake/stm32cubemx/CMakeFiles/STM32_Drivers.dir/home/hellscoffe/STM32Cube/Repository/STM32Cube_FW_F0_V1.11.5/Drivers/STM32F0xx_HAL_Driver/Src/stm32f0xx_hal_spi.c.obj
 .debug_abbrev  0x0000226e      0x1e4 cmake/stm32cubemx/CMakeFiles/STM32_Drivers.dir/home/hellscoffe/STM32Cube/Repository/STM32Cube_FW_F0_V1.11.5/Drivers/STM32F0xx_HAL_Driver/Src/stm32f0xx_hal_tsc.c.obj
 .debug_abbrev  0x00002452      0x252 cmake/stm32cubemx/CMakeFiles/STM32_Drivers.dir/home/hellscoffe/STM32Cube/Repository/STM32Cube_FW_F0_V1.11.5/Drivers/STM32F0xx_HAL_Driver/Src/stm32f0xx_hal_usart.c.obj
 .debug_abbrev  0x000026a4      0x2b9 cmake/stm32cubemx/CMakeFiles/STM32_Drivers.dir/home/hellscoffe/STM32Cube/Repository/STM32Cube_FW_F0_V1.11.5/Drivers/STM32F0xx_HAL_Driver/Src/stm32f0xx_hal_pcd.c.obj
 .debug_abbrev  0x0000295d      0x228 cmake/stm32cubemx/CMakeFiles/STM32_Drivers.dir/home/hellscoffe/STM32Cube/Repository/STM32Cube_FW_F0_V1.11.5/Drivers/STM32F0xx_HAL_Driver/Src/stm32f0xx_hal_pcd_ex.c.obj
 .debug_abbrev  0x00002b85       0x28 /usr/lib/gcc/arm-none-eabi/15.2.0/thumb/v6-m/nofp/libgcc.a(_udivsi3.o)
 .debug_abbrev  0x00002bad       0x26 /usr/lib/gcc/arm-none-eabi/15.2.0/thumb/v6-m/nofp/libgcc.a(_dvmd_tls.o)
 .debug_abbrev  0x00002bd3       0x9e /usr/lib/gcc/arm-none-eabi/15.2.0/../../../../arm-none-eabi/lib/thumb/v6-m/nofp/libg_nano.a(libc_a-memset.o)
 .debug_abbrev  0x00002c71       0xc9 /usr/lib/gcc/arm-none-eabi/15.2.0/../../../../arm-none-eabi/lib/thumb/v6-m/nofp/libg_nano.a(libc_a-init.o)

.debug_aranges  0x00000000      0xe90
 .debug_aranges
                0x00000000       0x30 CMakeFiles/Locator.dir/Core/Src/main.c.obj
 .debug_aranges
                0x00000030       0x20 CMakeFiles/Locator.dir/Core/Src/gpio.c.obj
 .debug_aranges
                0x00000050       0x30 CMakeFiles/Locator.dir/Core/Src/i2c.c.obj
 .debug_aranges
                0x00000080       0x30 CMakeFiles/Locator.dir/Core/Src/spi.c.obj
 .debug_aranges
                0x000000b0       0x30 CMakeFiles/Locator.dir/Core/Src/tsc.c.obj
 .debug_aranges
                0x000000e0       0x30 CMakeFiles/Locator.dir/Core/Src/usart.c.obj
 .debug_aranges
                0x00000110       0x30 CMakeFiles/Locator.dir/Core/Src/usb.c.obj
 .debug_aranges
                0x00000140       0x40 CMakeFiles/Locator.dir/Core/Src/stm32f0xx_it.c.obj
 .debug_aranges
                0x00000180       0x20 CMakeFiles/Locator.dir/Core/Src/stm32f0xx_hal_msp.c.obj
 .debug_aranges
                0x000001a0       0x28 CMakeFiles/Locator.dir/startup_stm32f072xb.s.obj
 .debug_aranges
                0x000001c8       0x28 cmake/stm32cubemx/CMakeFiles/STM32_Drivers.dir/__/__/Core/Src/system_stm32f0xx.c.obj
 .debug_aranges
                0x000001f0       0xc8 cmake/stm32cubemx/CMakeFiles/STM32_Drivers.dir/home/hellscoffe/STM32Cube/Repository/STM32Cube_FW_F0_V1.11.5/Drivers/STM32F0xx_HAL_Driver/Src/stm32f0xx_ll_usb.c.obj
 .debug_aranges
                0x000002b8      0x2a0 cmake/stm32cubemx/CMakeFiles/STM32_Drivers.dir/home/hellscoffe/STM32Cube/Repository/STM32Cube_FW_F0_V1.11.5/Drivers/STM32F0xx_HAL_Driver/Src/stm32f0xx_hal_i2c.c.obj
 .debug_aranges
                0x00000558       0x48 cmake/stm32cubemx/CMakeFiles/STM32_Drivers.dir/home/hellscoffe/STM32Cube/Repository/STM32Cube_FW_F0_V1.11.5/Drivers/STM32F0xx_HAL_Driver/Src/stm32f0xx_hal_i2c_ex.c.obj
 .debug_aranges
                0x000005a0       0x80 cmake/stm32cubemx/CMakeFiles/STM32_Drivers.dir/home/hellscoffe/STM32Cube/Repository/STM32Cube_FW_F0_V1.11.5/Drivers/STM32F0xx_HAL_Driver/Src/stm32f0xx_hal_rcc.c.obj
 .debug_aranges
                0x00000620       0x78 cmake/stm32cubemx/CMakeFiles/STM32_Drivers.dir/home/hellscoffe/STM32Cube/Repository/STM32Cube_FW_F0_V1.11.5/Drivers/STM32F0xx_HAL_Driver/Src/stm32f0xx_hal_rcc_ex.c.obj
 .debug_aranges
                0x00000698       0xd0 cmake/stm32cubemx/CMakeFiles/STM32_Drivers.dir/home/hellscoffe/STM32Cube/Repository/STM32Cube_FW_F0_V1.11.5/Drivers/STM32F0xx_HAL_Driver/Src/stm32f0xx_hal.c.obj
 .debug_aranges
                0x00000768       0x58 cmake/stm32cubemx/CMakeFiles/STM32_Drivers.dir/home/hellscoffe/STM32Cube/Repository/STM32Cube_FW_F0_V1.11.5/Drivers/STM32F0xx_HAL_Driver/Src/stm32f0xx_hal_gpio.c.obj
 .debug_aranges
                0x000007c0       0xc0 cmake/stm32cubemx/CMakeFiles/STM32_Drivers.dir/home/hellscoffe/STM32Cube/Repository/STM32Cube_FW_F0_V1.11.5/Drivers/STM32F0xx_HAL_Driver/Src/stm32f0xx_hal_cortex.c.obj
 .debug_aranges
                0x00000880      0x1d8 cmake/stm32cubemx/CMakeFiles/STM32_Drivers.dir/home/hellscoffe/STM32Cube/Repository/STM32Cube_FW_F0_V1.11.5/Drivers/STM32F0xx_HAL_Driver/Src/stm32f0xx_hal_spi.c.obj
 .debug_aranges
                0x00000a58       0xa8 cmake/stm32cubemx/CMakeFiles/STM32_Drivers.dir/home/hellscoffe/STM32Cube/Repository/STM32Cube_FW_F0_V1.11.5/Drivers/STM32F0xx_HAL_Driver/Src/stm32f0xx_hal_tsc.c.obj
 .debug_aranges
                0x00000b00      0x180 cmake/stm32cubemx/CMakeFiles/STM32_Drivers.dir/home/hellscoffe/STM32Cube/Repository/STM32Cube_FW_F0_V1.11.5/Drivers/STM32F0xx_HAL_Driver/Src/stm32f0xx_hal_usart.c.obj
 .debug_aranges
                0x00000c80      0x138 cmake/stm32cubemx/CMakeFiles/STM32_Drivers.dir/home/hellscoffe/STM32Cube/Repository/STM32Cube_FW_F0_V1.11.5/Drivers/STM32F0xx_HAL_Driver/Src/stm32f0xx_hal_pcd.c.obj
 .debug_aranges
                0x00000db8       0x58 cmake/stm32cubemx/CMakeFiles/STM32_Drivers.dir/home/hellscoffe/STM32Cube/Repository/STM32Cube_FW_F0_V1.11.5/Drivers/STM32F0xx_HAL_Driver/Src/stm32f0xx_hal_pcd_ex.c.obj
 .debug_aranges
                0x00000e10       0x20 /usr/lib/gcc/arm-none-eabi/15.2.0/thumb/v6-m/nofp/libgcc.a(_udivsi3.o)
 .debug_aranges
                0x00000e30       0x20 /usr/lib/gcc/arm-none-eabi/15.2.0/thumb/v6-m/nofp/libgcc.a(_dvmd_tls.o)
 .debug_aranges
                0x00000e50       0x20 /usr/lib/gcc/arm-none-eabi/15.2.0/../../../../arm-none-eabi/lib/thumb/v6-m/nofp/libg_nano.a(libc_a-memset.o)
 .debug_aranges
                0x00000e70       0x20 /usr/lib/gcc/arm-none-eabi/15.2.0/../../../../arm-none-eabi/lib/thumb/v6-m/nofp/libg_nano.a(libc_a-init.o)

.debug_rnglists
                0x00000000      0xad7
 .debug_rnglists
                0x00000000       0x20 CMakeFiles/Locator.dir/Core/Src/main.c.obj
 .debug_rnglists
                0x00000020       0x14 CMakeFiles/Locator.dir/Core/Src/gpio.c.obj
 .debug_rnglists
                0x00000034       0x21 CMakeFiles/Locator.dir/Core/Src/i2c.c.obj
 .debug_rnglists
                0x00000055       0x20 CMakeFiles/Locator.dir/Core/Src/spi.c.obj
 .debug_rnglists
                0x00000075       0x21 CMakeFiles/Locator.dir/Core/Src/tsc.c.obj
 .debug_rnglists
                0x00000096       0x20 CMakeFiles/Locator.dir/Core/Src/usart.c.obj
 .debug_rnglists
                0x000000b6       0x1f CMakeFiles/Locator.dir/Core/Src/usb.c.obj
 .debug_rnglists
                0x000000d5       0x2b CMakeFiles/Locator.dir/Core/Src/stm32f0xx_it.c.obj
 .debug_rnglists
                0x00000100       0x13 CMakeFiles/Locator.dir/Core/Src/stm32f0xx_hal_msp.c.obj
 .debug_rnglists
                0x00000113       0x19 CMakeFiles/Locator.dir/startup_stm32f072xb.s.obj
 .debug_rnglists
                0x0000012c       0x1a cmake/stm32cubemx/CMakeFiles/STM32_Drivers.dir/__/__/Core/Src/system_stm32f0xx.c.obj
 .debug_rnglists
                0x00000146       0x99 cmake/stm32cubemx/CMakeFiles/STM32_Drivers.dir/home/hellscoffe/STM32Cube/Repository/STM32Cube_FW_F0_V1.11.5/Drivers/STM32F0xx_HAL_Driver/Src/stm32f0xx_ll_usb.c.obj
 .debug_rnglists
                0x000001df      0x229 cmake/stm32cubemx/CMakeFiles/STM32_Drivers.dir/home/hellscoffe/STM32Cube/Repository/STM32Cube_FW_F0_V1.11.5/Drivers/STM32F0xx_HAL_Driver/Src/stm32f0xx_hal_i2c.c.obj
 .debug_rnglists
                0x00000408       0x35 cmake/stm32cubemx/CMakeFiles/STM32_Drivers.dir/home/hellscoffe/STM32Cube/Repository/STM32Cube_FW_F0_V1.11.5/Drivers/STM32F0xx_HAL_Driver/Src/stm32f0xx_hal_i2c_ex.c.obj
 .debug_rnglists
                0x0000043d       0x61 cmake/stm32cubemx/CMakeFiles/STM32_Drivers.dir/home/hellscoffe/STM32Cube/Repository/STM32Cube_FW_F0_V1.11.5/Drivers/STM32F0xx_HAL_Driver/Src/stm32f0xx_hal_rcc.c.obj
 .debug_rnglists
                0x0000049e       0x5b cmake/stm32cubemx/CMakeFiles/STM32_Drivers.dir/home/hellscoffe/STM32Cube/Repository/STM32Cube_FW_F0_V1.11.5/Drivers/STM32F0xx_HAL_Driver/Src/stm32f0xx_hal_rcc_ex.c.obj
 .debug_rnglists
                0x000004f9       0x97 cmake/stm32cubemx/CMakeFiles/STM32_Drivers.dir/home/hellscoffe/STM32Cube/Repository/STM32Cube_FW_F0_V1.11.5/Drivers/STM32F0xx_HAL_Driver/Src/stm32f0xx_hal.c.obj
 .debug_rnglists
                0x00000590       0x3f cmake/stm32cubemx/CMakeFiles/STM32_Drivers.dir/home/hellscoffe/STM32Cube/Repository/STM32Cube_FW_F0_V1.11.5/Drivers/STM32F0xx_HAL_Driver/Src/stm32f0xx_hal_gpio.c.obj
 .debug_rnglists
                0x000005cf       0x8c cmake/stm32cubemx/CMakeFiles/STM32_Drivers.dir/home/hellscoffe/STM32Cube/Repository/STM32Cube_FW_F0_V1.11.5/Drivers/STM32F0xx_HAL_Driver/Src/stm32f0xx_hal_cortex.c.obj
 .debug_rnglists
                0x0000065b      0x17a cmake/stm32cubemx/CMakeFiles/STM32_Drivers.dir/home/hellscoffe/STM32Cube/Repository/STM32Cube_FW_F0_V1.11.5/Drivers/STM32F0xx_HAL_Driver/Src/stm32f0xx_hal_spi.c.obj
 .debug_rnglists
                0x000007d5       0x7d cmake/stm32cubemx/CMakeFiles/STM32_Drivers.dir/home/hellscoffe/STM32Cube/Repository/STM32Cube_FW_F0_V1.11.5/Drivers/STM32F0xx_HAL_Driver/Src/stm32f0xx_hal_tsc.c.obj
 .debug_rnglists
                0x00000852      0x132 cmake/stm32cubemx/CMakeFiles/STM32_Drivers.dir/home/hellscoffe/STM32Cube/Repository/STM32Cube_FW_F0_V1.11.5/Drivers/STM32F0xx_HAL_Driver/Src/stm32f0xx_hal_usart.c.obj
 .debug_rnglists
                0x00000984       0xee cmake/stm32cubemx/CMakeFiles/STM32_Drivers.dir/home/hellscoffe/STM32Cube/Repository/STM32Cube_FW_F0_V1.11.5/Drivers/STM32F0xx_HAL_Driver/Src/stm32f0xx_hal_pcd.c.obj
 .debug_rnglists
                0x00000a72       0x3f cmake/stm32cubemx/CMakeFiles/STM32_Drivers.dir/home/hellscoffe/STM32Cube/Repository/STM32Cube_FW_F0_V1.11.5/Drivers/STM32F0xx_HAL_Driver/Src/stm32f0xx_hal_pcd_ex.c.obj
 .debug_rnglists
                0x00000ab1       0x13 /usr/lib/gcc/arm-none-eabi/15.2.0/../../../../arm-none-eabi/lib/thumb/v6-m/nofp/libg_nano.a(libc_a-memset.o)
 .debug_rnglists
                0x00000ac4       0x13 /usr/lib/gcc/arm-none-eabi/15.2.0/../../../../arm-none-eabi/lib/thumb/v6-m/nofp/libg_nano.a(libc_a-init.o)

.debug_macro    0x00000000    0x1a69e
 .debug_macro   0x00000000      0x240 CMakeFiles/Locator.dir/Core/Src/main.c.obj
 .debug_macro   0x00000240      0xac0 CMakeFiles/Locator.dir/Core/Src/main.c.obj
 .debug_macro   0x00000d00      0x13f CMakeFiles/Locator.dir/Core/Src/main.c.obj
 .debug_macro   0x00000e3f       0x2e CMakeFiles/Locator.dir/Core/Src/main.c.obj
 .debug_macro   0x00000e6d       0x22 CMakeFiles/Locator.dir/Core/Src/main.c.obj
 .debug_macro   0x00000e8f       0x22 CMakeFiles/Locator.dir/Core/Src/main.c.obj
 .debug_macro   0x00000eb1       0x8e CMakeFiles/Locator.dir/Core/Src/main.c.obj
 .debug_macro   0x00000f3f       0x51 CMakeFiles/Locator.dir/Core/Src/main.c.obj
 .debug_macro   0x00000f90      0x103 CMakeFiles/Locator.dir/Core/Src/main.c.obj
 .debug_macro   0x00001093       0x6a CMakeFiles/Locator.dir/Core/Src/main.c.obj
 .debug_macro   0x000010fd      0x1df CMakeFiles/Locator.dir/Core/Src/main.c.obj
 .debug_macro   0x000012dc       0x1c CMakeFiles/Locator.dir/Core/Src/main.c.obj
 .debug_macro   0x000012f8       0x22 CMakeFiles/Locator.dir/Core/Src/main.c.obj
 .debug_macro   0x0000131a       0xaf CMakeFiles/Locator.dir/Core/Src/main.c.obj
 .debug_macro   0x000013c9      0x391 CMakeFiles/Locator.dir/Core/Src/main.c.obj
 .debug_macro   0x0000175a     0xfe73 CMakeFiles/Locator.dir/Core/Src/main.c.obj
 .debug_macro   0x000115cd       0x66 CMakeFiles/Locator.dir/Core/Src/main.c.obj
 .debug_macro   0x00011633     0x34da CMakeFiles/Locator.dir/Core/Src/main.c.obj
 .debug_macro   0x00014b0d      0x190 CMakeFiles/Locator.dir/Core/Src/main.c.obj
 .debug_macro   0x00014c9d       0x55 CMakeFiles/Locator.dir/Core/Src/main.c.obj
 .debug_macro   0x00014cf2      0x946 CMakeFiles/Locator.dir/Core/Src/main.c.obj
 .debug_macro   0x00015638      0x5f3 CMakeFiles/Locator.dir/Core/Src/main.c.obj
 .debug_macro   0x00015c2b      0x1ae CMakeFiles/Locator.dir/Core/Src/main.c.obj
 .debug_macro   0x00015dd9      0x1a7 CMakeFiles/Locator.dir/Core/Src/main.c.obj
 .debug_macro   0x00015f80      0x1a7 CMakeFiles/Locator.dir/Core/Src/main.c.obj
 .debug_macro   0x00016127      0x22c CMakeFiles/Locator.dir/Core/Src/main.c.obj
 .debug_macro   0x00016353       0x34 CMakeFiles/Locator.dir/Core/Src/main.c.obj
 .debug_macro   0x00016387       0x43 CMakeFiles/Locator.dir/Core/Src/main.c.obj
 .debug_macro   0x000163ca       0x28 CMakeFiles/Locator.dir/Core/Src/main.c.obj
 .debug_macro   0x000163f2       0xb0 CMakeFiles/Locator.dir/Core/Src/main.c.obj
 .debug_macro   0x000164a2      0x217 CMakeFiles/Locator.dir/Core/Src/main.c.obj
 .debug_macro   0x000166b9      0x22c CMakeFiles/Locator.dir/Core/Src/main.c.obj
 .debug_macro   0x000168e5       0x61 CMakeFiles/Locator.dir/Core/Src/main.c.obj
 .debug_macro   0x00016946       0xa5 CMakeFiles/Locator.dir/Core/Src/main.c.obj
 .debug_macro   0x000169eb       0x73 CMakeFiles/Locator.dir/Core/Src/main.c.obj
 .debug_macro   0x00016a5e      0x22d CMakeFiles/Locator.dir/Core/Src/main.c.obj
 .debug_macro   0x00016c8b       0x4c CMakeFiles/Locator.dir/Core/Src/main.c.obj
 .debug_macro   0x00016cd7      0x16d CMakeFiles/Locator.dir/Core/Src/main.c.obj
 .debug_macro   0x00016e44      0x2fe CMakeFiles/Locator.dir/Core/Src/main.c.obj
 .debug_macro   0x00017142      0x3d7 CMakeFiles/Locator.dir/Core/Src/main.c.obj
 .debug_macro   0x00017519      0x279 CMakeFiles/Locator.dir/Core/Src/main.c.obj
 .debug_macro   0x00017792       0x31 CMakeFiles/Locator.dir/Core/Src/main.c.obj
 .debug_macro   0x000177c3      0x130 CMakeFiles/Locator.dir/Core/Src/main.c.obj
 .debug_macro   0x000178f3       0xdc CMakeFiles/Locator.dir/Core/Src/main.c.obj
 .debug_macro   0x000179cf      0x20a CMakeFiles/Locator.dir/Core/Src/gpio.c.obj
 .debug_macro   0x00017bd9      0x20a CMakeFiles/Locator.dir/Core/Src/i2c.c.obj
 .debug_macro   0x00017de3      0x20a CMakeFiles/Locator.dir/Core/Src/spi.c.obj
 .debug_macro   0x00017fed      0x20a CMakeFiles/Locator.dir/Core/Src/tsc.c.obj
 .debug_macro   0x000181f7      0x20a CMakeFiles/Locator.dir/Core/Src/usart.c.obj
 .debug_macro   0x00018401      0x20a CMakeFiles/Locator.dir/Core/Src/usb.c.obj
 .debug_macro   0x0001860b      0x20a CMakeFiles/Locator.dir/Core/Src/stm32f0xx_it.c.obj
 .debug_macro   0x00018815      0x200 CMakeFiles/Locator.dir/Core/Src/stm32f0xx_hal_msp.c.obj
 .debug_macro   0x00018a15      0x1f1 cmake/stm32cubemx/CMakeFiles/STM32_Drivers.dir/__/__/Core/Src/system_stm32f0xx.c.obj
 .debug_macro   0x00018c06      0x1f1 cmake/stm32cubemx/CMakeFiles/STM32_Drivers.dir/home/hellscoffe/STM32Cube/Repository/STM32Cube_FW_F0_V1.11.5/Drivers/STM32F0xx_HAL_Driver/Src/stm32f0xx_ll_usb.c.obj
 .debug_macro   0x00018df7      0x2bd cmake/stm32cubemx/CMakeFiles/STM32_Drivers.dir/home/hellscoffe/STM32Cube/Repository/STM32Cube_FW_F0_V1.11.5/Drivers/STM32F0xx_HAL_Driver/Src/stm32f0xx_hal_i2c.c.obj
 .debug_macro   0x000190b4      0x1f1 cmake/stm32cubemx/CMakeFiles/STM32_Drivers.dir/home/hellscoffe/STM32Cube/Repository/STM32Cube_FW_F0_V1.11.5/Drivers/STM32F0xx_HAL_Driver/Src/stm32f0xx_hal_i2c_ex.c.obj
 .debug_macro   0x000192a5      0x203 cmake/stm32cubemx/CMakeFiles/STM32_Drivers.dir/home/hellscoffe/STM32Cube/Repository/STM32Cube_FW_F0_V1.11.5/Drivers/STM32F0xx_HAL_Driver/Src/stm32f0xx_hal_rcc.c.obj
 .debug_macro   0x000194a8      0x203 cmake/stm32cubemx/CMakeFiles/STM32_Drivers.dir/home/hellscoffe/STM32Cube/Repository/STM32Cube_FW_F0_V1.11.5/Drivers/STM32F0xx_HAL_Driver/Src/stm32f0xx_hal_rcc_ex.c.obj
 .debug_macro   0x000196ab      0x215 cmake/stm32cubemx/CMakeFiles/STM32_Drivers.dir/home/hellscoffe/STM32Cube/Repository/STM32Cube_FW_F0_V1.11.5/Drivers/STM32F0xx_HAL_Driver/Src/stm32f0xx_hal.c.obj
 .debug_macro   0x000198c0      0x1f8 cmake/stm32cubemx/CMakeFiles/STM32_Drivers.dir/home/hellscoffe/STM32Cube/Repository/STM32Cube_FW_F0_V1.11.5/Drivers/STM32F0xx_HAL_Driver/Src/stm32f0xx_hal_gpio.c.obj
 .debug_macro   0x00019ab8      0x1f1 cmake/stm32cubemx/CMakeFiles/STM32_Drivers.dir/home/hellscoffe/STM32Cube/Repository/STM32Cube_FW_F0_V1.11.5/Drivers/STM32F0xx_HAL_Driver/Src/stm32f0xx_hal_cortex.c.obj
 .debug_macro   0x00019ca9      0x1f9 cmake/stm32cubemx/CMakeFiles/STM32_Drivers.dir/home/hellscoffe/STM32Cube/Repository/STM32Cube_FW_F0_V1.11.5/Drivers/STM32F0xx_HAL_Driver/Src/stm32f0xx_hal_spi.c.obj
 .debug_macro   0x00019ea2      0x1f2 cmake/stm32cubemx/CMakeFiles/STM32_Drivers.dir/home/hellscoffe/STM32Cube/Repository/STM32Cube_FW_F0_V1.11.5/Drivers/STM32F0xx_HAL_Driver/Src/stm32f0xx_hal_tsc.c.obj
 .debug_macro   0x0001a094      0x21c cmake/stm32cubemx/CMakeFiles/STM32_Drivers.dir/home/hellscoffe/STM32Cube/Repository/STM32Cube_FW_F0_V1.11.5/Drivers/STM32F0xx_HAL_Driver/Src/stm32f0xx_hal_usart.c.obj
 .debug_macro   0x0001a2b0      0x1fd cmake/stm32cubemx/CMakeFiles/STM32_Drivers.dir/home/hellscoffe/STM32Cube/Repository/STM32Cube_FW_F0_V1.11.5/Drivers/STM32F0xx_HAL_Driver/Src/stm32f0xx_hal_pcd.c.obj
 .debug_macro   0x0001a4ad      0x1f1 cmake/stm32cubemx/CMakeFiles/STM32_Drivers.dir/home/hellscoffe/STM32Cube/Repository/STM32Cube_FW_F0_V1.11.5/Drivers/STM32F0xx_HAL_Driver/Src/stm32f0xx_hal_pcd_ex.c.obj

.debug_line     0x00000000    0x12768
 .debug_line    0x00000000      0x6ff CMakeFiles/Locator.dir/Core/Src/main.c.obj
 .debug_line    0x000006ff      0x6a2 CMakeFiles/Locator.dir/Core/Src/gpio.c.obj
 .debug_line    0x00000da1      0x6c4 CMakeFiles/Locator.dir/Core/Src/i2c.c.obj
 .debug_line    0x00001465      0x6ca CMakeFiles/Locator.dir/Core/Src/spi.c.obj
 .debug_line    0x00001b2f      0x6eb CMakeFiles/Locator.dir/Core/Src/tsc.c.obj
 .debug_line    0x0000221a      0x6ac CMakeFiles/Locator.dir/Core/Src/usart.c.obj
 .debug_line    0x000028c6      0x68d CMakeFiles/Locator.dir/Core/Src/usb.c.obj
 .debug_line    0x00002f53      0x698 CMakeFiles/Locator.dir/Core/Src/stm32f0xx_it.c.obj
 .debug_line    0x000035eb      0x63b CMakeFiles/Locator.dir/Core/Src/stm32f0xx_hal_msp.c.obj
 .debug_line    0x00003c26       0x7b CMakeFiles/Locator.dir/startup_stm32f072xb.s.obj
 .debug_line    0x00003ca1      0x6c3 cmake/stm32cubemx/CMakeFiles/STM32_Drivers.dir/__/__/Core/Src/system_stm32f0xx.c.obj
 .debug_line    0x00004364      0xfc0 cmake/stm32cubemx/CMakeFiles/STM32_Drivers.dir/home/hellscoffe/STM32Cube/Repository/STM32Cube_FW_F0_V1.11.5/Drivers/STM32F0xx_HAL_Driver/Src/stm32f0xx_ll_usb.c.obj
 .debug_line    0x00005324     0x3679 cmake/stm32cubemx/CMakeFiles/STM32_Drivers.dir/home/hellscoffe/STM32Cube/Repository/STM32Cube_FW_F0_V1.11.5/Drivers/STM32F0xx_HAL_Driver/Src/stm32f0xx_hal_i2c.c.obj
 .debug_line    0x0000899d      0x7ba cmake/stm32cubemx/CMakeFiles/STM32_Drivers.dir/home/hellscoffe/STM32Cube/Repository/STM32Cube_FW_F0_V1.11.5/Drivers/STM32F0xx_HAL_Driver/Src/stm32f0xx_hal_i2c_ex.c.obj
 .debug_line    0x00009157      0xe18 cmake/stm32cubemx/CMakeFiles/STM32_Drivers.dir/home/hellscoffe/STM32Cube/Repository/STM32Cube_FW_F0_V1.11.5/Drivers/STM32F0xx_HAL_Driver/Src/stm32f0xx_hal_rcc.c.obj
 .debug_line    0x00009f6f      0xb94 cmake/stm32cubemx/CMakeFiles/STM32_Drivers.dir/home/hellscoffe/STM32Cube/Repository/STM32Cube_FW_F0_V1.11.5/Drivers/STM32F0xx_HAL_Driver/Src/stm32f0xx_hal_rcc_ex.c.obj
 .debug_line    0x0000ab03      0x8d6 cmake/stm32cubemx/CMakeFiles/STM32_Drivers.dir/home/hellscoffe/STM32Cube/Repository/STM32Cube_FW_F0_V1.11.5/Drivers/STM32F0xx_HAL_Driver/Src/stm32f0xx_hal.c.obj
 .debug_line    0x0000b3d9      0xa4d cmake/stm32cubemx/CMakeFiles/STM32_Drivers.dir/home/hellscoffe/STM32Cube/Repository/STM32Cube_FW_F0_V1.11.5/Drivers/STM32F0xx_HAL_Driver/Src/stm32f0xx_hal_gpio.c.obj
 .debug_line    0x0000be26      0x97b cmake/stm32cubemx/CMakeFiles/STM32_Drivers.dir/home/hellscoffe/STM32Cube/Repository/STM32Cube_FW_F0_V1.11.5/Drivers/STM32F0xx_HAL_Driver/Src/stm32f0xx_hal_cortex.c.obj
 .debug_line    0x0000c7a1     0x1ef2 cmake/stm32cubemx/CMakeFiles/STM32_Drivers.dir/home/hellscoffe/STM32Cube/Repository/STM32Cube_FW_F0_V1.11.5/Drivers/STM32F0xx_HAL_Driver/Src/stm32f0xx_hal_spi.c.obj
 .debug_line    0x0000e693      0xa3c cmake/stm32cubemx/CMakeFiles/STM32_Drivers.dir/home/hellscoffe/STM32Cube/Repository/STM32Cube_FW_F0_V1.11.5/Drivers/STM32F0xx_HAL_Driver/Src/stm32f0xx_hal_tsc.c.obj
 .debug_line    0x0000f0cf     0x19d2 cmake/stm32cubemx/CMakeFiles/STM32_Drivers.dir/home/hellscoffe/STM32Cube/Repository/STM32Cube_FW_F0_V1.11.5/Drivers/STM32F0xx_HAL_Driver/Src/stm32f0xx_hal_usart.c.obj
 .debug_line    0x00010aa1     0x1207 cmake/stm32cubemx/CMakeFiles/STM32_Drivers.dir/home/hellscoffe/STM32Cube/Repository/STM32Cube_FW_F0_V1.11.5/Drivers/STM32F0xx_HAL_Driver/Src/stm32f0xx_hal_pcd.c.obj
 .debug_line    0x00011ca8      0x7f6 cmake/stm32cubemx/CMakeFiles/STM32_Drivers.dir/home/hellscoffe/STM32Cube/Repository/STM32Cube_FW_F0_V1.11.5/Drivers/STM32F0xx_HAL_Driver/Src/stm32f0xx_hal_pcd_ex.c.obj
 .debug_line    0x0001249e       0x56 /usr/lib/gcc/arm-none-eabi/15.2.0/thumb/v6-m/nofp/libgcc.a(_udivsi3.o)
 .debug_line    0x000124f4       0x4a /usr/lib/gcc/arm-none-eabi/15.2.0/thumb/v6-m/nofp/libgcc.a(_dvmd_tls.o)
 .debug_line    0x0001253e      0x127 /usr/lib/gcc/arm-none-eabi/15.2.0/../../../../arm-none-eabi/lib/thumb/v6-m/nofp/libg_nano.a(libc_a-memset.o)
 .debug_line    0x00012665      0x103 /usr/lib/gcc/arm-none-eabi/15.2.0/../../../../arm-none-eabi/lib/thumb/v6-m/nofp/libg_nano.a(libc_a-init.o)

.debug_str      0x00000000    0x94893
 .debug_str     0x00000000    0x94893 CMakeFiles/Locator.dir/Core/Src/main.c.obj
                              0x90268 (size before relaxing)
 .debug_str     0x00094893        0x0 CMakeFiles/Locator.dir/Core/Src/gpio.c.obj
                              0x90086 (size before relaxing)
 .debug_str     0x00094893        0x0 CMakeFiles/Locator.dir/Core/Src/i2c.c.obj
                              0x90571 (size before relaxing)
 .debug_str     0x00094893        0x0 CMakeFiles/Locator.dir/Core/Src/spi.c.obj
                              0x904a6 (size before relaxing)
 .debug_str     0x00094893        0x0 CMakeFiles/Locator.dir/Core/Src/tsc.c.obj
                              0x90312 (size before relaxing)
 .debug_str     0x00094893        0x0 CMakeFiles/Locator.dir/Core/Src/usart.c.obj
                              0x9049f (size before relaxing)
 .debug_str     0x00094893        0x0 CMakeFiles/Locator.dir/Core/Src/usb.c.obj
                              0x903ec (size before relaxing)
 .debug_str     0x00094893        0x0 CMakeFiles/Locator.dir/Core/Src/stm32f0xx_it.c.obj
                              0x8ff91 (size before relaxing)
 .debug_str     0x00094893        0x0 CMakeFiles/Locator.dir/Core/Src/stm32f0xx_hal_msp.c.obj
                              0x8ffa9 (size before relaxing)
 .debug_str     0x00094893        0x0 CMakeFiles/Locator.dir/startup_stm32f072xb.s.obj
                                 0x80 (size before relaxing)
 .debug_str     0x00094893        0x0 cmake/stm32cubemx/CMakeFiles/STM32_Drivers.dir/__/__/Core/Src/system_stm32f0xx.c.obj
                              0x8fcce (size before relaxing)
 .debug_str     0x00094893        0x0 cmake/stm32cubemx/CMakeFiles/STM32_Drivers.dir/home/hellscoffe/STM32Cube/Repository/STM32Cube_FW_F0_V1.11.5/Drivers/STM32F0xx_HAL_Driver/Src/stm32f0xx_ll_usb.c.obj
                              0x900ef (size before relaxing)
 .debug_str     0x00094893        0x0 cmake/stm32cubemx/CMakeFiles/STM32_Drivers.dir/home/hellscoffe/STM32Cube/Repository/STM32Cube_FW_F0_V1.11.5/Drivers/STM32F0xx_HAL_Driver/Src/stm32f0xx_hal_i2c.c.obj
                              0x91045 (size before relaxing)
 .debug_str     0x00094893        0x0 cmake/stm32cubemx/CMakeFiles/STM32_Drivers.dir/home/hellscoffe/STM32Cube/Repository/STM32Cube_FW_F0_V1.11.5/Drivers/STM32F0xx_HAL_Driver/Src/stm32f0xx_hal_i2c_ex.c.obj
                              0x90245 (size before relaxing)
 .debug_str     0x00094893        0x0 cmake/stm32cubemx/CMakeFiles/STM32_Drivers.dir/home/hellscoffe/STM32Cube/Repository/STM32Cube_FW_F0_V1.11.5/Drivers/STM32F0xx_HAL_Driver/Src/stm32f0xx_hal_rcc.c.obj
                              0x9012e (size before relaxing)
 .debug_str     0x00094893        0x0 cmake/stm32cubemx/CMakeFiles/STM32_Drivers.dir/home/hellscoffe/STM32Cube/Repository/STM32Cube_FW_F0_V1.11.5/Drivers/STM32F0xx_HAL_Driver/Src/stm32f0xx_hal_rcc_ex.c.obj
                              0x900e6 (size before relaxing)
 .debug_str     0x00094893        0x0 cmake/stm32cubemx/CMakeFiles/STM32_Drivers.dir/home/hellscoffe/STM32Cube/Repository/STM32Cube_FW_F0_V1.11.5/Drivers/STM32F0xx_HAL_Driver/Src/stm32f0xx_hal.c.obj
                              0x902dd (size before relaxing)
 .debug_str     0x00094893        0x0 cmake/stm32cubemx/CMakeFiles/STM32_Drivers.dir/home/hellscoffe/STM32Cube/Repository/STM32Cube_FW_F0_V1.11.5/Drivers/STM32F0xx_HAL_Driver/Src/stm32f0xx_hal_gpio.c.obj
                              0x8fe88 (size before relaxing)
 .debug_str     0x00094893        0x0 cmake/stm32cubemx/CMakeFiles/STM32_Drivers.dir/home/hellscoffe/STM32Cube/Repository/STM32Cube_FW_F0_V1.11.5/Drivers/STM32F0xx_HAL_Driver/Src/stm32f0xx_hal_cortex.c.obj
                              0x900ce (size before relaxing)
 .debug_str     0x00094893        0x0 cmake/stm32cubemx/CMakeFiles/STM32_Drivers.dir/home/hellscoffe/STM32Cube/Repository/STM32Cube_FW_F0_V1.11.5/Drivers/STM32F0xx_HAL_Driver/Src/stm32f0xx_hal_spi.c.obj
                              0x90657 (size before relaxing)
 .debug_str     0x00094893        0x0 cmake/stm32cubemx/CMakeFiles/STM32_Drivers.dir/home/hellscoffe/STM32Cube/Repository/STM32Cube_FW_F0_V1.11.5/Drivers/STM32F0xx_HAL_Driver/Src/stm32f0xx_hal_tsc.c.obj
                              0x900f5 (size before relaxing)
 .debug_str     0x00094893        0x0 cmake/stm32cubemx/CMakeFiles/STM32_Drivers.dir/home/hellscoffe/STM32Cube/Repository/STM32Cube_FW_F0_V1.11.5/Drivers/STM32F0xx_HAL_Driver/Src/stm32f0xx_hal_usart.c.obj
                              0x907df (size before relaxing)
 .debug_str     0x00094893        0x0 cmake/stm32cubemx/CMakeFiles/STM32_Drivers.dir/home/hellscoffe/STM32Cube/Repository/STM32Cube_FW_F0_V1.11.5/Drivers/STM32F0xx_HAL_Driver/Src/stm32f0xx_hal_pcd.c.obj
                              0x905b2 (size before relaxing)
 .debug_str     0x00094893        0x0 cmake/stm32cubemx/CMakeFiles/STM32_Drivers.dir/home/hellscoffe/STM32Cube/Repository/STM32Cube_FW_F0_V1.11.5/Drivers/STM32F0xx_HAL_Driver/Src/stm32f0xx_hal_pcd_ex.c.obj
                              0x901ee (size before relaxing)
 .debug_str     0x00094893        0x0 /usr/lib/gcc/arm-none-eabi/15.2.0/thumb/v6-m/nofp/libgcc.a(_udivsi3.o)
                                 0xed (size before relaxing)
 .debug_str     0x00094893        0x0 /usr/lib/gcc/arm-none-eabi/15.2.0/thumb/v6-m/nofp/libgcc.a(_dvmd_tls.o)
                                 0xee (size before relaxing)
 .debug_str     0x00094893        0x0 /usr/lib/gcc/arm-none-eabi/15.2.0/../../../../arm-none-eabi/lib/thumb/v6-m/nofp/libg_nano.a(libc_a-memset.o)
                                0x1d8 (size before relaxing)
 .debug_str     0x00094893        0x0 /usr/lib/gcc/arm-none-eabi/15.2.0/../../../../arm-none-eabi/lib/thumb/v6-m/nofp/libg_nano.a(libc_a-init.o)
                                0x239 (size before relaxing)

.debug_frame    0x00000000     0x3068
 .debug_frame   0x00000000       0x68 CMakeFiles/Locator.dir/Core/Src/main.c.obj
 .debug_frame   0x00000068       0x30 CMakeFiles/Locator.dir/Core/Src/gpio.c.obj
 .debug_frame   0x00000098       0x6c CMakeFiles/Locator.dir/Core/Src/i2c.c.obj
 .debug_frame   0x00000104       0x6c CMakeFiles/Locator.dir/Core/Src/spi.c.obj
 .debug_frame   0x00000170       0x6c CMakeFiles/Locator.dir/Core/Src/tsc.c.obj
 .debug_frame   0x000001dc       0x6c CMakeFiles/Locator.dir/Core/Src/usart.c.obj
 .debug_frame   0x00000248       0x6c CMakeFiles/Locator.dir/Core/Src/usb.c.obj
 .debug_frame   0x000002b4       0x9c CMakeFiles/Locator.dir/Core/Src/stm32f0xx_it.c.obj
 .debug_frame   0x00000350       0x30 CMakeFiles/Locator.dir/Core/Src/stm32f0xx_hal_msp.c.obj
 .debug_frame   0x00000380       0x4c cmake/stm32cubemx/CMakeFiles/STM32_Drivers.dir/__/__/Core/Src/system_stm32f0xx.c.obj
 .debug_frame   0x000003cc      0x2d0 cmake/stm32cubemx/CMakeFiles/STM32_Drivers.dir/home/hellscoffe/STM32Cube/Repository/STM32Cube_FW_F0_V1.11.5/Drivers/STM32F0xx_HAL_Driver/Src/stm32f0xx_ll_usb.c.obj
 .debug_frame   0x0000069c      0xa68 cmake/stm32cubemx/CMakeFiles/STM32_Drivers.dir/home/hellscoffe/STM32Cube/Repository/STM32Cube_FW_F0_V1.11.5/Drivers/STM32F0xx_HAL_Driver/Src/stm32f0xx_hal_i2c.c.obj
 .debug_frame   0x00001104       0xd0 cmake/stm32cubemx/CMakeFiles/STM32_Drivers.dir/home/hellscoffe/STM32Cube/Repository/STM32Cube_FW_F0_V1.11.5/Drivers/STM32F0xx_HAL_Driver/Src/stm32f0xx_hal_i2c_ex.c.obj
 .debug_frame   0x000011d4      0x198 cmake/stm32cubemx/CMakeFiles/STM32_Drivers.dir/home/hellscoffe/STM32Cube/Repository/STM32Cube_FW_F0_V1.11.5/Drivers/STM32F0xx_HAL_Driver/Src/stm32f0xx_hal_rcc.c.obj
 .debug_frame   0x0000136c      0x180 cmake/stm32cubemx/CMakeFiles/STM32_Drivers.dir/home/hellscoffe/STM32Cube/Repository/STM32Cube_FW_F0_V1.11.5/Drivers/STM32F0xx_HAL_Driver/Src/stm32f0xx_hal_rcc_ex.c.obj
 .debug_frame   0x000014ec      0x2a4 cmake/stm32cubemx/CMakeFiles/STM32_Drivers.dir/home/hellscoffe/STM32Cube/Repository/STM32Cube_FW_F0_V1.11.5/Drivers/STM32F0xx_HAL_Driver/Src/stm32f0xx_hal.c.obj
 .debug_frame   0x00001790      0x110 cmake/stm32cubemx/CMakeFiles/STM32_Drivers.dir/home/hellscoffe/STM32Cube/Repository/STM32Cube_FW_F0_V1.11.5/Drivers/STM32F0xx_HAL_Driver/Src/stm32f0xx_hal_gpio.c.obj
 .debug_frame   0x000018a0      0x2a0 cmake/stm32cubemx/CMakeFiles/STM32_Drivers.dir/home/hellscoffe/STM32Cube/Repository/STM32Cube_FW_F0_V1.11.5/Drivers/STM32F0xx_HAL_Driver/Src/stm32f0xx_hal_cortex.c.obj
 .debug_frame   0x00001b40      0x710 cmake/stm32cubemx/CMakeFiles/STM32_Drivers.dir/home/hellscoffe/STM32Cube/Repository/STM32Cube_FW_F0_V1.11.5/Drivers/STM32F0xx_HAL_Driver/Src/stm32f0xx_hal_spi.c.obj
 .debug_frame   0x00002250      0x250 cmake/stm32cubemx/CMakeFiles/STM32_Drivers.dir/home/hellscoffe/STM32Cube/Repository/STM32Cube_FW_F0_V1.11.5/Drivers/STM32F0xx_HAL_Driver/Src/stm32f0xx_hal_tsc.c.obj
 .debug_frame   0x000024a0      0x5b4 cmake/stm32cubemx/CMakeFiles/STM32_Drivers.dir/home/hellscoffe/STM32Cube/Repository/STM32Cube_FW_F0_V1.11.5/Drivers/STM32F0xx_HAL_Driver/Src/stm32f0xx_hal_usart.c.obj
 .debug_frame   0x00002a54      0x498 cmake/stm32cubemx/CMakeFiles/STM32_Drivers.dir/home/hellscoffe/STM32Cube/Repository/STM32Cube_FW_F0_V1.11.5/Drivers/STM32F0xx_HAL_Driver/Src/stm32f0xx_hal_pcd.c.obj
 .debug_frame   0x00002eec      0x110 cmake/stm32cubemx/CMakeFiles/STM32_Drivers.dir/home/hellscoffe/STM32Cube/Repository/STM32Cube_FW_F0_V1.11.5/Drivers/STM32F0xx_HAL_Driver/Src/stm32f0xx_hal_pcd_ex.c.obj
 .debug_frame   0x00002ffc       0x20 /usr/lib/gcc/arm-none-eabi/15.2.0/thumb/v6-m/nofp/libgcc.a(_udivsi3.o)
 .debug_frame   0x0000301c       0x20 /usr/lib/gcc/arm-none-eabi/15.2.0/../../../../arm-none-eabi/lib/thumb/v6-m/nofp/libg_nano.a(libc_a-memset.o)
 .debug_frame   0x0000303c       0x2c /usr/lib/gcc/arm-none-eabi/15.2.0/../../../../arm-none-eabi/lib/thumb/v6-m/nofp/libg_nano.a(libc_a-init.o)

.debug_line_str
                0x00000000      0x12c
 .debug_line_str
                0x00000000      0x12c CMakeFiles/Locator.dir/startup_stm32f072xb.s.obj
                                 0x66 (size before relaxing)
 .debug_line_str
                0x0000012c        0x0 /usr/lib/gcc/arm-none-eabi/15.2.0/thumb/v6-m/nofp/libgcc.a(_udivsi3.o)
                                 0xc6 (size before relaxing)
 .debug_line_str
                0x0000012c        0x0 /usr/lib/gcc/arm-none-eabi/15.2.0/thumb/v6-m/nofp/libgcc.a(_dvmd_tls.o)
                                 0xc6 (size before relaxing)

.debug_loclists
                0x00000000       0xdb
 .debug_loclists
                0x00000000       0x80 /usr/lib/gcc/arm-none-eabi/15.2.0/../../../../arm-none-eabi/lib/thumb/v6-m/nofp/libg_nano.a(libc_a-memset.o)
 .debug_loclists
                0x00000080       0x5b /usr/lib/gcc/arm-none-eabi/15.2.0/../../../../arm-none-eabi/lib/thumb/v6-m/nofp/libg_nano.a(libc_a-init.o)
